Component: ARM Compiler 5.06 update 4 (build 422) Tool: armlink [4d35d2]

==============================================================================

Section Cross References

    main.o(i.main) refers to sys.o(i.Stm32_Clock_Init) for Stm32_Clock_Init
    main.o(i.main) refers to system_stm32f10x.o(i.SystemInit) for SystemInit
    main.o(i.main) refers to delay.o(i.delay_init) for delay_init
    main.o(i.main) refers to remote.o(i.RC_Init) for RC_Init
    main.o(i.main) refers to remote.o(i.TIM7_Configuration) for TIM7_Configuration
    main.o(i.main) refers to nvic.o(i.NVIC_Configuration) for NVIC_Configuration
    main.o(i.main) refers to can.o(i.CAN1_Configuration) for CAN1_Configuration
    main.o(i.main) refers to motor.o(i.MiniBalance_PWM_Init) for MiniBalance_PWM_Init
    main.o(i.main) refers to encoder.o(i.Encoder_Init_TIM3) for Encoder_Init_TIM3
    main.o(i.main) refers to encoder.o(i.Encoder_Init_TIM4) for Encoder_Init_TIM4
    main.o(i.main) refers to encoder.o(i.Encoder_Init_TIM5) for Encoder_Init_TIM5
    main.o(i.main) refers to timer.o(i.Timer2_Init) for Timer2_Init
    main.o(i.main) refers to oled.o(i.OLED_Init) for OLED_Init
    main.o(i.main) refers to control.o(i.Chassis_Algorithm_Model) for Chassis_Algorithm_Model
    main.o(i.main) refers to remote.o(i.TIM7_IRQHandler) for TIM7_IRQHandler
    main.o(i.main) refers to show.o(i.oled_show) for oled_show
    can.o(i.CAN1_Configuration) refers to stm32f10x_rcc.o(i.RCC_APB2PeriphClockCmd) for RCC_APB2PeriphClockCmd
    can.o(i.CAN1_Configuration) refers to stm32f10x_rcc.o(i.RCC_APB1PeriphClockCmd) for RCC_APB1PeriphClockCmd
    can.o(i.CAN1_Configuration) refers to stm32f10x_gpio.o(i.GPIO_PinRemapConfig) for GPIO_PinRemapConfig
    can.o(i.CAN1_Configuration) refers to stm32f10x_gpio.o(i.GPIO_Init) for GPIO_Init
    can.o(i.CAN1_Configuration) refers to stm32f10x_can.o(i.CAN_DeInit) for CAN_DeInit
    can.o(i.CAN1_Configuration) refers to stm32f10x_can.o(i.CAN_Init) for CAN_Init
    can.o(i.CAN1_Configuration) refers to stm32f10x_can.o(i.CAN_FilterInit) for CAN_FilterInit
    can.o(i.CAN1_Configuration) refers to stm32f10x_can.o(i.CAN_ITConfig) for CAN_ITConfig
    can.o(i.USB_HP_CAN1_TX_IRQHandler) refers to stm32f10x_can.o(i.CAN_GetITStatus) for CAN_GetITStatus
    can.o(i.USB_HP_CAN1_TX_IRQHandler) refers to stm32f10x_can.o(i.CAN_ClearITPendingBit) for CAN_ClearITPendingBit
    can.o(i.USB_HP_CAN1_TX_IRQHandler) refers to can.o(.data) for can_tx_success_flag
    can.o(i.USB_LP_CAN1_RX0_IRQHandler) refers to stm32f10x_can.o(i.CAN_GetITStatus) for CAN_GetITStatus
    can.o(i.USB_LP_CAN1_RX0_IRQHandler) refers to stm32f10x_can.o(i.CAN_ClearITPendingBit) for CAN_ClearITPendingBit
    can.o(i.USB_LP_CAN1_RX0_IRQHandler) refers to stm32f10x_can.o(i.CAN_Receive) for CAN_Receive
    can.o(i.USB_LP_CAN1_RX0_IRQHandler) refers to can.o(.data) for PS_DEF
    timer.o(i.Timer2_Init) refers to sys.o(i.MY_NVIC_Init) for MY_NVIC_Init
    motor.o(i.MiniBalance_PWM_Init) refers to motor.o(i.MiniBalance_Motor_Init) for MiniBalance_Motor_Init
    control.o(i.Chassis_Algorithm_Model) refers to dflti.o(.text) for __aeabi_i2d
    control.o(i.Chassis_Algorithm_Model) refers to cos.o(i.cos) for cos
    control.o(i.Chassis_Algorithm_Model) refers to dmul.o(.text) for __aeabi_dmul
    control.o(i.Chassis_Algorithm_Model) refers to sin.o(i.sin) for sin
    control.o(i.Chassis_Algorithm_Model) refers to dadd.o(.text) for __aeabi_dadd
    control.o(i.Chassis_Algorithm_Model) refers to dfixi.o(.text) for __aeabi_d2iz
    control.o(i.Chassis_Algorithm_Model) refers to control.o(.bss) for MotorControlDEF
    control.o(i.Incremental_PI_A) refers to fflti.o(.text) for __aeabi_i2f
    control.o(i.Incremental_PI_A) refers to fmul.o(.text) for __aeabi_fmul
    control.o(i.Incremental_PI_A) refers to fadd.o(.text) for __aeabi_fadd
    control.o(i.Incremental_PI_A) refers to ffixi.o(.text) for __aeabi_f2iz
    control.o(i.Incremental_PI_A) refers to control.o(.data) for Bias
    control.o(i.Incremental_PI_B) refers to fflti.o(.text) for __aeabi_i2f
    control.o(i.Incremental_PI_B) refers to fmul.o(.text) for __aeabi_fmul
    control.o(i.Incremental_PI_B) refers to fadd.o(.text) for __aeabi_fadd
    control.o(i.Incremental_PI_B) refers to ffixi.o(.text) for __aeabi_f2iz
    control.o(i.Incremental_PI_B) refers to control.o(.data) for Bias
    control.o(i.Incremental_PI_C) refers to fflti.o(.text) for __aeabi_i2f
    control.o(i.Incremental_PI_C) refers to fmul.o(.text) for __aeabi_fmul
    control.o(i.Incremental_PI_C) refers to fadd.o(.text) for __aeabi_fadd
    control.o(i.Incremental_PI_C) refers to ffixi.o(.text) for __aeabi_f2iz
    control.o(i.Incremental_PI_C) refers to control.o(.data) for Bias
    control.o(i.PS_Checkout) refers to control.o(i.PS_control_clear) for PS_control_clear
    control.o(i.PS_Checkout) refers to control.o(i.PS_DATA_analyze) for PS_DATA_analyze
[...]
    dmul.o(.text) refers (Special) to iusefp.o(.text) for __I$use$fp
    dmul.o(.text) refers to depilogue.o(.text) for _double_epilogue
    fflti.o(.text) refers (Special) to iusefp.o(.text) for __I$use$fp
    fflti.o(.text) refers to fepilogue.o(.text) for _float_epilogue
    ffltui.o(.text) refers (Special) to iusefp.o(.text) for __I$use$fp
    ffltui.o(.text) refers to fepilogue.o(.text) for _float_epilogue
    dflti.o(.text) refers (Special) to iusefp.o(.text) for __I$use$fp
    dflti.o(.text) refers to depilogue.o(.text) for _double_epilogue
    ffixi.o(.text) refers (Special) to iusefp.o(.text) for __I$use$fp
    ffixui.o(.text) refers (Special) to iusefp.o(.text) for __I$use$fp
    dfixi.o(.text) refers (Special) to iusefp.o(.text) for __I$use$fp
    dfixi.o(.text) refers to llushr.o(.text) for __aeabi_llsr
    cfcmple.o(.text) refers (Special) to iusefp.o(.text) for __I$use$fp
    cos_i.o(i.__kernel_cos) refers (Special) to iusefp.o(.text) for __I$use$fp
    cos_i.o(i.__kernel_cos) refers to dfixi.o(.text) for __aeabi_d2iz
    cos_i.o(i.__kernel_cos) refers to dmul.o(.text) for __aeabi_dmul
    cos_i.o(i.__kernel_cos) refers to poly.o(i.__kernel_poly) for __kernel_poly
    cos_i.o(i.__kernel_cos) refers to dadd.o(.text) for __aeabi_dsub
    cos_i.o(i.__kernel_cos) refers to dscalb.o(.text) for __ARM_scalbn
    cos_i.o(i.__kernel_cos) refers to cos_i.o(.constdata) for .constdata
    cos_i.o(.constdata) refers (Special) to iusefp.o(.text) for __I$use$fp
    dunder.o(i.__mathlib_dbl_divzero) refers to ddiv.o(.text) for __aeabi_ddiv
    dunder.o(i.__mathlib_dbl_infnan) refers to dscalb.o(.text) for __ARM_scalbn
    dunder.o(i.__mathlib_dbl_infnan2) refers to dadd.o(.text) for __aeabi_dadd
    dunder.o(i.__mathlib_dbl_invalid) refers to ddiv.o(.text) for __aeabi_ddiv
    dunder.o(i.__mathlib_dbl_overflow) refers to dscalb.o(.text) for __ARM_scalbn
    dunder.o(i.__mathlib_dbl_posinfnan) refers to dmul.o(.text) for __aeabi_dmul
    dunder.o(i.__mathlib_dbl_underflow) refers to dscalb.o(.text) for __ARM_scalbn
    rred.o(i.__ieee754_rem_pio2) refers (Special) to iusefp.o(.text) for __I$use$fp
    rred.o(i.__ieee754_rem_pio2) refers to dadd.o(.text) for __aeabi_dsub
    rred.o(i.__ieee754_rem_pio2) refers to dmul.o(.text) for __aeabi_dmul
    rred.o(i.__ieee754_rem_pio2) refers to dfixi.o(.text) for __aeabi_d2iz
    rred.o(i.__ieee754_rem_pio2) refers to dflti.o(.text) for __aeabi_i2d
    rred.o(i.__ieee754_rem_pio2) refers to dfltui.o(.text) for __aeabi_ui2d
    rred.o(i.__ieee754_rem_pio2) refers to dscalb.o(.text) for __ARM_scalbn
    rred.o(i.__ieee754_rem_pio2) refers to rred.o(.constdata) for .constdata
    rred.o(i.__use_accurate_range_reduction) refers (Special) to iusefp.o(.text) for __I$use$fp
    rred.o(.constdata) refers (Special) to iusefp.o(.text) for __I$use$fp
    sin_i.o(i.__kernel_sin) refers (Special) to iusefp.o(.text) for __I$use$fp
    sin_i.o(i.__kernel_sin) refers to fpclassify.o(i.__ARM_fpclassify) for __ARM_fpclassify
    sin_i.o(i.__kernel_sin) refers to dunder.o(i.__mathlib_dbl_underflow) for __mathlib_dbl_underflow
    sin_i.o(i.__kernel_sin) refers to dmul.o(.text) for __aeabi_dmul
    sin_i.o(i.__kernel_sin) refers to poly.o(i.__kernel_poly) for __kernel_poly
    sin_i.o(i.__kernel_sin) refers to dscalb.o(.text) for __ARM_scalbn
    sin_i.o(i.__kernel_sin) refers to dadd.o(.text) for __aeabi_dsub
    sin_i.o(i.__kernel_sin) refers to sin_i.o(.constdata) for .constdata
    sin_i.o(.constdata) refers (Special) to iusefp.o(.text) for __I$use$fp
    sin_i_x.o(i.____kernel_sin$lsc) refers (Special) to iusefp.o(.text) for __I$use$fp
    sin_i_x.o(i.____kernel_sin$lsc) refers to dmul.o(.text) for __aeabi_dmul
    sin_i_x.o(i.____kernel_sin$lsc) refers to poly.o(i.__kernel_poly) for __kernel_poly
    sin_i_x.o(i.____kernel_sin$lsc) refers to dscalb.o(.text) for __ARM_scalbn
    sin_i_x.o(i.____kernel_sin$lsc) refers to dadd.o(.text) for __aeabi_dsub
    sin_i_x.o(i.____kernel_sin$lsc) refers to sin_i_x.o(.constdata) for .constdata
    sin_i_x.o(.constdata) refers (Special) to iusefp.o(.text) for __I$use$fp
    entry2.o(.ARM.Collect$$$$00000001) refers to entry2.o(.ARM.Collect$$$$00002712) for __lit__00000000
    entry2.o(.ARM.Collect$$$$00002712) refers to startup_stm32f10x_hd.o(STACK) for __initial_sp
    entry2.o(__vectab_stack_and_reset_area) refers to startup_stm32f10x_hd.o(STACK) for __initial_sp
    entry2.o(__vectab_stack_and_reset_area) refers to entry.o(.ARM.Collect$$$$00000000) for __main
    entry5.o(.ARM.Collect$$$$00000004) refers to init.o(.text) for __scatterload
    entry9a.o(.ARM.Collect$$$$0000000B) refers to main.o(i.main) for main
    entry9b.o(.ARM.Collect$$$$0000000C) refers to main.o(i.main) for main
    errno.o(i.__aeabi_errno_addr) refers to errno.o(.data) for .data
    errno.o(i.__read_errno) refers to errno.o(.data) for .data
    errno.o(i.__set_errno) refers to errno.o(.data) for .data
    depilogue.o(.text) refers to llshl.o(.text) for __aeabi_llsl
    depilogue.o(.text) refers to llushr.o(.text) for __aeabi_llsr
    fpclassify.o(i.__ARM_fpclassify) refers (Special) to iusefp.o(.text) for __I$use$fp
    poly.o(i.__kernel_poly) refers (Special) to iusefp.o(.text) for __I$use$fp
    poly.o(i.__kernel_poly) refers to dmul.o(.text) for __aeabi_dmul
    poly.o(i.__kernel_poly) refers to dadd.o(.text) for __aeabi_dadd
    init.o(.text) refers to entry5.o(.ARM.Collect$$$$00000004) for __main_after_scatterload
    ddiv.o(.text) refers to depilogue.o(.text) for _double_round
    dfltui.o(.text) refers to depilogue.o(.text) for _double_epilogue


==============================================================================

Removing Unused input sections from the image.

    Removing main.o(.rev16_text), (4 bytes).
    Removing main.o(.revsh_text), (4 bytes).
    Removing main.o(.rrx_text), (6 bytes).
    Removing main.o(.bss), (20 bytes).
    Removing can.o(.rev16_text), (4 bytes).
    Removing can.o(.revsh_text), (4 bytes).
    Removing can.o(.rrx_text), (6 bytes).
    Removing can.o(.bss), (20 bytes).
    Removing timer.o(.rev16_text), (4 bytes).
    Removing timer.o(.revsh_text), (4 bytes).
    Removing timer.o(.rrx_text), (6 bytes).
    Removing timer.o(.bss), (20 bytes).
    Removing motor.o(.rev16_text), (4 bytes).
    Removing motor.o(.revsh_text), (4 bytes).
    Removing motor.o(.rrx_text), (6 bytes).
    Removing motor.o(.bss), (20 bytes).
    Removing encoder.o(.rev16_text), (4 bytes).
    Removing encoder.o(.revsh_text), (4 bytes).
    Removing encoder.o(.rrx_text), (6 bytes).
    Removing encoder.o(.bss), (20 bytes).
    Removing control.o(.rev16_text), (4 bytes).
    Removing control.o(.revsh_text), (4 bytes).
    Removing control.o(.rrx_text), (6 bytes).
    Removing control.o(i.PS_Checkout), (144 bytes).
    Removing control.o(i.PS_DATA_analyze), (408 bytes).
    Removing control.o(i.PS_control_clear), (22 bytes).
    Removing oled.o(.rev16_text), (4 bytes).
    Removing oled.o(.revsh_text), (4 bytes).
    Removing oled.o(.rrx_text), (6 bytes).
    Removing oled.o(i.OLED_Display_Off), (28 bytes).
    Removing oled.o(i.OLED_Display_On), (28 bytes).
    Removing oled.o(i.OLED_Fill), (58 bytes).
    Removing oled.o(i.OLED_ShowNumber), (148 bytes).
    Removing oled.o(i.oled_pow), (22 bytes).
    Removing show.o(.rev16_text), (4 bytes).
    Removing show.o(.revsh_text), (4 bytes).
    Removing show.o(.rrx_text), (6 bytes).
    Removing show.o(.bss), (20 bytes).
    Removing remote.o(.rev16_text), (4 bytes).
    Removing remote.o(.revsh_text), (4 bytes).
    Removing remote.o(.rrx_text), (6 bytes).
    Removing remote.o(.data), (2 bytes).
    Removing delay.o(.rev16_text), (4 bytes).
    Removing delay.o(.revsh_text), (4 bytes).
    Removing delay.o(.rrx_text), (6 bytes).
    Removing delay.o(i.delay_us), (60 bytes).
    Removing delay.o(.bss), (20 bytes).
    Removing nvic.o(.rev16_text), (4 bytes).
    Removing nvic.o(.revsh_text), (4 bytes).
    Removing nvic.o(.rrx_text), (6 bytes).
    Removing sys.o(.rev16_text), (4 bytes).
    Removing sys.o(.revsh_text), (4 bytes).
    Removing sys.o(.rrx_text), (6 bytes).
    Removing sys.o(.emb_text), (12 bytes).
    Removing sys.o(i.Ex_NVIC_Config), (160 bytes).
    Removing sys.o(i.JTAG_Set), (48 bytes).
    Removing sys.o(i.Sys_Soft_Reset), (16 bytes).
    Removing sys.o(i.Sys_Standby), (76 bytes).
    Removing sys.o(.bss), (20 bytes).
    Removing usart.o(.rev16_text), (4 bytes).
    Removing usart.o(.revsh_text), (4 bytes).
    Removing usart.o(.rrx_text), (6 bytes).
    Removing usart.o(i._sys_exit), (6 bytes).
    Removing usart.o(i.fputc), (28 bytes).
    Removing usart.o(i.uart_init), (196 bytes).
    Removing usart.o(.bss), (20 bytes).
    Removing usart.o(.data), (4 bytes).
    Removing misc.o(.rev16_text), (4 bytes).
    Removing misc.o(.revsh_text), (4 bytes).
    Removing misc.o(.rrx_text), (6 bytes).
    Removing misc.o(i.NVIC_SetVectorTable), (20 bytes).
    Removing misc.o(i.NVIC_SystemLPConfig), (32 bytes).
    Removing misc.o(i.SysTick_CLKSourceConfig), (40 bytes).
    Removing stm32f10x_can.o(.rev16_text), (4 bytes).
    Removing stm32f10x_can.o(.revsh_text), (4 bytes).
    Removing stm32f10x_can.o(.rrx_text), (6 bytes).
    Removing stm32f10x_can.o(i.CAN_CancelTransmit), (48 bytes).
    Removing stm32f10x_can.o(i.CAN_ClearFlag), (56 bytes).
    Removing stm32f10x_can.o(i.CAN_DBGFreeze), (22 bytes).
    Removing stm32f10x_can.o(i.CAN_FIFORelease), (22 bytes).
    Removing stm32f10x_can.o(i.CAN_GetFlagStatus), (120 bytes).
    Removing stm32f10x_can.o(i.CAN_GetLSBTransmitErrorCounter), (12 bytes).
    Removing stm32f10x_can.o(i.CAN_GetLastErrorCode), (12 bytes).
    Removing stm32f10x_can.o(i.CAN_GetReceiveErrorCounter), (10 bytes).
    Removing stm32f10x_can.o(i.CAN_MessagePending), (30 bytes).
    Removing stm32f10x_can.o(i.CAN_OperatingModeRequest), (162 bytes).
    Removing stm32f10x_can.o(i.CAN_SlaveStartBank), (52 bytes).
    Removing stm32f10x_can.o(i.CAN_Sleep), (30 bytes).
    Removing stm32f10x_can.o(i.CAN_StructInit), (32 bytes).
    Removing stm32f10x_can.o(i.CAN_TTComModeCmd), (118 bytes).
    Removing stm32f10x_can.o(i.CAN_Transmit), (294 bytes).
    Removing stm32f10x_can.o(i.CAN_TransmitStatus), (160 bytes).
    Removing stm32f10x_can.o(i.CAN_WakeUp), (48 bytes).
    Removing stm32f10x_dma.o(.rev16_text), (4 bytes).
    Removing stm32f10x_dma.o(.revsh_text), (4 bytes).
    Removing stm32f10x_dma.o(.rrx_text), (6 bytes).
    Removing stm32f10x_dma.o(i.DMA_GetCurrDataCounter), (8 bytes).
    Removing stm32f10x_dma.o(i.DMA_GetFlagStatus), (44 bytes).
    Removing stm32f10x_dma.o(i.DMA_SetCurrDataCounter), (4 bytes).
    Removing stm32f10x_dma.o(i.DMA_StructInit), (26 bytes).
    Removing stm32f10x_gpio.o(.rev16_text), (4 bytes).
    Removing stm32f10x_gpio.o(.revsh_text), (4 bytes).
    Removing stm32f10x_gpio.o(.rrx_text), (6 bytes).
    Removing stm32f10x_gpio.o(i.GPIO_AFIODeInit), (20 bytes).
    Removing stm32f10x_gpio.o(i.GPIO_DeInit), (200 bytes).
    Removing stm32f10x_gpio.o(i.GPIO_ETH_MediaInterfaceConfig), (12 bytes).
    Removing stm32f10x_gpio.o(i.GPIO_EXTILineConfig), (64 bytes).
    Removing stm32f10x_gpio.o(i.GPIO_EventOutputCmd), (12 bytes).
    Removing stm32f10x_gpio.o(i.GPIO_EventOutputConfig), (32 bytes).
    Removing stm32f10x_gpio.o(i.GPIO_PinLockConfig), (18 bytes).
    Removing stm32f10x_gpio.o(i.GPIO_ReadInputData), (8 bytes).
    Removing stm32f10x_gpio.o(i.GPIO_ReadInputDataBit), (18 bytes).
    Removing stm32f10x_gpio.o(i.GPIO_ReadOutputData), (8 bytes).
    Removing stm32f10x_gpio.o(i.GPIO_ReadOutputDataBit), (18 bytes).
    Removing stm32f10x_gpio.o(i.GPIO_StructInit), (16 bytes).
    Removing stm32f10x_gpio.o(i.GPIO_Write), (4 bytes).
    Removing stm32f10x_gpio.o(i.GPIO_WriteBit), (10 bytes).
    Removing stm32f10x_rcc.o(.rev16_text), (4 bytes).
    Removing stm32f10x_rcc.o(.revsh_text), (4 bytes).
    Removing stm32f10x_rcc.o(.rrx_text), (6 bytes).
    Removing stm32f10x_rcc.o(i.RCC_ADCCLKConfig), (24 bytes).
    Removing stm32f10x_rcc.o(i.RCC_AdjustHSICalibrationValue), (24 bytes).
    Removing stm32f10x_rcc.o(i.RCC_BackupResetCmd), (12 bytes).
    Removing stm32f10x_rcc.o(i.RCC_ClearFlag), (20 bytes).
    Removing stm32f10x_rcc.o(i.RCC_ClearITPendingBit), (12 bytes).
    Removing stm32f10x_rcc.o(i.RCC_ClockSecuritySystemCmd), (12 bytes).
    Removing stm32f10x_rcc.o(i.RCC_DeInit), (76 bytes).
    Removing stm32f10x_rcc.o(i.RCC_GetFlagStatus), (60 bytes).
    Removing stm32f10x_rcc.o(i.RCC_GetITStatus), (24 bytes).
    Removing stm32f10x_rcc.o(i.RCC_GetSYSCLKSource), (16 bytes).
    Removing stm32f10x_rcc.o(i.RCC_HCLKConfig), (24 bytes).
    Removing stm32f10x_rcc.o(i.RCC_HSEConfig), (76 bytes).
    Removing stm32f10x_rcc.o(i.RCC_HSICmd), (12 bytes).
    Removing stm32f10x_rcc.o(i.RCC_ITConfig), (32 bytes).
    Removing stm32f10x_rcc.o(i.RCC_LSEConfig), (52 bytes).
    Removing stm32f10x_rcc.o(i.RCC_LSICmd), (12 bytes).
    Removing stm32f10x_rcc.o(i.RCC_MCOConfig), (12 bytes).
    Removing stm32f10x_rcc.o(i.RCC_PCLK1Config), (24 bytes).
    Removing stm32f10x_rcc.o(i.RCC_PCLK2Config), (24 bytes).
    Removing stm32f10x_rcc.o(i.RCC_PLLCmd), (12 bytes).
    Removing stm32f10x_rcc.o(i.RCC_PLLConfig), (28 bytes).
    Removing stm32f10x_rcc.o(i.RCC_RTCCLKCmd), (12 bytes).
    Removing stm32f10x_rcc.o(i.RCC_RTCCLKConfig), (16 bytes).
    Removing stm32f10x_rcc.o(i.RCC_SYSCLKConfig), (24 bytes).
    Removing stm32f10x_rcc.o(i.RCC_USBCLKConfig), (12 bytes).
    Removing stm32f10x_rcc.o(i.RCC_WaitForHSEStartUp), (56 bytes).
    Removing stm32f10x_tim.o(.rev16_text), (4 bytes).
    Removing stm32f10x_tim.o(.revsh_text), (4 bytes).
    Removing stm32f10x_tim.o(.rrx_text), (6 bytes).
    Removing stm32f10x_tim.o(i.TI1_Config), (128 bytes).
    Removing stm32f10x_tim.o(i.TI2_Config), (152 bytes).
    Removing stm32f10x_tim.o(i.TI3_Config), (144 bytes).
    Removing stm32f10x_tim.o(i.TI4_Config), (152 bytes).
    Removing stm32f10x_tim.o(i.TIM_ARRPreloadConfig), (24 bytes).
    Removing stm32f10x_tim.o(i.TIM_BDTRConfig), (32 bytes).
    Removing stm32f10x_tim.o(i.TIM_BDTRStructInit), (18 bytes).
    Removing stm32f10x_tim.o(i.TIM_CCPreloadControl), (24 bytes).
    Removing stm32f10x_tim.o(i.TIM_CCxCmd), (30 bytes).
    Removing stm32f10x_tim.o(i.TIM_CCxNCmd), (30 bytes).
    Removing stm32f10x_tim.o(i.TIM_ClearFlag), (6 bytes).
    Removing stm32f10x_tim.o(i.TIM_ClearOC1Ref), (18 bytes).
    Removing stm32f10x_tim.o(i.TIM_ClearOC2Ref), (24 bytes).
    Removing stm32f10x_tim.o(i.TIM_ClearOC3Ref), (18 bytes).
    Removing stm32f10x_tim.o(i.TIM_ClearOC4Ref), (24 bytes).
    Removing stm32f10x_tim.o(i.TIM_CounterModeConfig), (18 bytes).
    Removing stm32f10x_tim.o(i.TIM_CtrlPWMOutputs), (30 bytes).
    Removing stm32f10x_tim.o(i.TIM_DMACmd), (18 bytes).
    Removing stm32f10x_tim.o(i.TIM_DMAConfig), (10 bytes).
    Removing stm32f10x_tim.o(i.TIM_DeInit), (488 bytes).
    Removing stm32f10x_tim.o(i.TIM_ETRClockMode1Config), (54 bytes).
    Removing stm32f10x_tim.o(i.TIM_ETRClockMode2Config), (32 bytes).
    Removing stm32f10x_tim.o(i.TIM_ETRConfig), (28 bytes).
    Removing stm32f10x_tim.o(i.TIM_EncoderInterfaceConfig), (66 bytes).
    Removing stm32f10x_tim.o(i.TIM_ForcedOC1Config), (18 bytes).
    Removing stm32f10x_tim.o(i.TIM_ForcedOC2Config), (26 bytes).
    Removing stm32f10x_tim.o(i.TIM_ForcedOC3Config), (18 bytes).
    Removing stm32f10x_tim.o(i.TIM_ForcedOC4Config), (26 bytes).
    Removing stm32f10x_tim.o(i.TIM_GenerateEvent), (4 bytes).
    Removing stm32f10x_tim.o(i.TIM_GetCapture1), (6 bytes).
    Removing stm32f10x_tim.o(i.TIM_GetCapture2), (6 bytes).
    Removing stm32f10x_tim.o(i.TIM_GetCapture3), (6 bytes).
    Removing stm32f10x_tim.o(i.TIM_GetCapture4), (8 bytes).
    Removing stm32f10x_tim.o(i.TIM_GetCounter), (6 bytes).
    Removing stm32f10x_tim.o(i.TIM_GetFlagStatus), (18 bytes).
    Removing stm32f10x_tim.o(i.TIM_GetITStatus), (34 bytes).
    Removing stm32f10x_tim.o(i.TIM_GetPrescaler), (6 bytes).
    Removing stm32f10x_tim.o(i.TIM_ICInit), (172 bytes).
    Removing stm32f10x_tim.o(i.TIM_ICStructInit), (18 bytes).
    Removing stm32f10x_tim.o(i.TIM_ITRxExternalClockConfig), (24 bytes).
    Removing stm32f10x_tim.o(i.TIM_InternalClockConfig), (12 bytes).
    Removing stm32f10x_tim.o(i.TIM_OC1FastConfig), (18 bytes).
    Removing stm32f10x_tim.o(i.TIM_OC1Init), (152 bytes).
    Removing stm32f10x_tim.o(i.TIM_OC1NPolarityConfig), (18 bytes).
    Removing stm32f10x_tim.o(i.TIM_OC1PolarityConfig), (18 bytes).
    Removing stm32f10x_tim.o(i.TIM_OC1PreloadConfig), (18 bytes).
    Removing stm32f10x_tim.o(i.TIM_OC2FastConfig), (26 bytes).
    Removing stm32f10x_tim.o(i.TIM_OC2Init), (164 bytes).
    Removing stm32f10x_tim.o(i.TIM_OC2NPolarityConfig), (26 bytes).
    Removing stm32f10x_tim.o(i.TIM_OC2PolarityConfig), (26 bytes).
    Removing stm32f10x_tim.o(i.TIM_OC2PreloadConfig), (26 bytes).
    Removing stm32f10x_tim.o(i.TIM_OC3FastConfig), (18 bytes).
    Removing stm32f10x_tim.o(i.TIM_OC3Init), (160 bytes).
    Removing stm32f10x_tim.o(i.TIM_OC3NPolarityConfig), (26 bytes).
    Removing stm32f10x_tim.o(i.TIM_OC3PolarityConfig), (26 bytes).
    Removing stm32f10x_tim.o(i.TIM_OC3PreloadConfig), (18 bytes).
    Removing stm32f10x_tim.o(i.TIM_OC4FastConfig), (26 bytes).
    Removing stm32f10x_tim.o(i.TIM_OC4Init), (124 bytes).
    Removing stm32f10x_tim.o(i.TIM_OC4PolarityConfig), (26 bytes).
    Removing stm32f10x_tim.o(i.TIM_OC4PreloadConfig), (26 bytes).
    Removing stm32f10x_tim.o(i.TIM_OCStructInit), (20 bytes).
    Removing stm32f10x_tim.o(i.TIM_PWMIConfig), (124 bytes).
    Removing stm32f10x_tim.o(i.TIM_PrescalerConfig), (6 bytes).
    Removing stm32f10x_tim.o(i.TIM_SelectCCDMA), (24 bytes).
    Removing stm32f10x_tim.o(i.TIM_SelectCOM), (24 bytes).
    Removing stm32f10x_tim.o(i.TIM_SelectHallSensor), (24 bytes).
    Removing stm32f10x_tim.o(i.TIM_SelectInputTrigger), (18 bytes).
    Removing stm32f10x_tim.o(i.TIM_SelectMasterSlaveMode), (18 bytes).
    Removing stm32f10x_tim.o(i.TIM_SelectOCxM), (82 bytes).
    Removing stm32f10x_tim.o(i.TIM_SelectOnePulseMode), (18 bytes).
    Removing stm32f10x_tim.o(i.TIM_SelectOutputTrigger), (18 bytes).
    Removing stm32f10x_tim.o(i.TIM_SelectSlaveMode), (18 bytes).
    Removing stm32f10x_tim.o(i.TIM_SetAutoreload), (4 bytes).
    Removing stm32f10x_tim.o(i.TIM_SetClockDivision), (18 bytes).
    Removing stm32f10x_tim.o(i.TIM_SetCompare1), (4 bytes).
    Removing stm32f10x_tim.o(i.TIM_SetCompare2), (4 bytes).
    Removing stm32f10x_tim.o(i.TIM_SetCompare3), (4 bytes).
    Removing stm32f10x_tim.o(i.TIM_SetCompare4), (6 bytes).
    Removing stm32f10x_tim.o(i.TIM_SetCounter), (4 bytes).
    Removing stm32f10x_tim.o(i.TIM_SetIC1Prescaler), (18 bytes).
    Removing stm32f10x_tim.o(i.TIM_SetIC2Prescaler), (26 bytes).
    Removing stm32f10x_tim.o(i.TIM_SetIC3Prescaler), (18 bytes).
    Removing stm32f10x_tim.o(i.TIM_SetIC4Prescaler), (26 bytes).
    Removing stm32f10x_tim.o(i.TIM_TIxExternalClockConfig), (62 bytes).
    Removing stm32f10x_tim.o(i.TIM_TimeBaseStructInit), (18 bytes).
    Removing stm32f10x_tim.o(i.TIM_UpdateDisableConfig), (24 bytes).
    Removing stm32f10x_usart.o(.rev16_text), (4 bytes).
    Removing stm32f10x_usart.o(.revsh_text), (4 bytes).
    Removing stm32f10x_usart.o(.rrx_text), (6 bytes).
    Removing stm32f10x_usart.o(i.USART_ClearFlag), (18 bytes).
    Removing stm32f10x_usart.o(i.USART_ClearITPendingBit), (30 bytes).
    Removing stm32f10x_usart.o(i.USART_ClockInit), (34 bytes).
    Removing stm32f10x_usart.o(i.USART_ClockStructInit), (12 bytes).
    Removing stm32f10x_usart.o(i.USART_GetFlagStatus), (26 bytes).
    Removing stm32f10x_usart.o(i.USART_GetITStatus), (84 bytes).
    Removing stm32f10x_usart.o(i.USART_HalfDuplexCmd), (24 bytes).
    Removing stm32f10x_usart.o(i.USART_IrDACmd), (24 bytes).
    Removing stm32f10x_usart.o(i.USART_IrDAConfig), (18 bytes).
    Removing stm32f10x_usart.o(i.USART_LINBreakDetectLengthConfig), (18 bytes).
    Removing stm32f10x_usart.o(i.USART_LINCmd), (24 bytes).
    Removing stm32f10x_usart.o(i.USART_OneBitMethodCmd), (24 bytes).
    Removing stm32f10x_usart.o(i.USART_OverSampling8Cmd), (22 bytes).
    Removing stm32f10x_usart.o(i.USART_ReceiveData), (10 bytes).
    Removing stm32f10x_usart.o(i.USART_ReceiverWakeUpCmd), (24 bytes).
    Removing stm32f10x_usart.o(i.USART_SendBreak), (10 bytes).
    Removing stm32f10x_usart.o(i.USART_SendData), (8 bytes).
    Removing stm32f10x_usart.o(i.USART_SetAddress), (18 bytes).
    Removing stm32f10x_usart.o(i.USART_SetGuardTime), (16 bytes).
    Removing stm32f10x_usart.o(i.USART_SetPrescaler), (16 bytes).
    Removing stm32f10x_usart.o(i.USART_SmartCardCmd), (24 bytes).
    Removing stm32f10x_usart.o(i.USART_SmartCardNACKCmd), (24 bytes).
    Removing stm32f10x_usart.o(i.USART_StructInit), (24 bytes).
    Removing stm32f10x_usart.o(i.USART_WakeUpConfig), (18 bytes).
    Removing startup_stm32f10x_hd.o(HEAP), (512 bytes).
    Removing system_stm32f10x.o(.rev16_text), (4 bytes).
    Removing system_stm32f10x.o(.revsh_text), (4 bytes).
    Removing system_stm32f10x.o(.rrx_text), (6 bytes).
    Removing system_stm32f10x.o(i.SystemCoreClockUpdate), (164 bytes).
    Removing system_stm32f10x.o(.data), (20 bytes).
    Removing fdiv.o(.text), (124 bytes).
    Removing ffltui.o(.text), (10 bytes).
    Removing ffixui.o(.text), (40 bytes).
    Removing cfcmple.o(.text), (20 bytes).

272 unused section(s) (total 9478 bytes) removed from the image.

==============================================================================

Image Symbol Table

    Local Symbols

    Symbol Name                              Value     Ov Type        Size  Object(Section)

    ../clib/microlib/errno.c                 0x00000000   Number         0  errno.o ABSOLUTE
    ../clib/microlib/init/entry.s            0x00000000   Number         0  entry9b.o ABSOLUTE
    ../clib/microlib/init/entry.s            0x00000000   Number         0  entry10a.o ABSOLUTE
    ../clib/microlib/init/entry.s            0x00000000   Number         0  entry7a.o ABSOLUTE
    ../clib/microlib/init/entry.s            0x00000000   Number         0  entry10b.o ABSOLUTE
    ../clib/microlib/init/entry.s            0x00000000   Number         0  entry11a.o ABSOLUTE
    ../clib/microlib/init/entry.s            0x00000000   Number         0  entry2.o ABSOLUTE
    ../clib/microlib/init/entry.s            0x00000000   Number         0  entry7b.o ABSOLUTE
    ../clib/microlib/init/entry.s            0x00000000   Number         0  entry8a.o ABSOLUTE
    ../clib/microlib/init/entry.s            0x00000000   Number         0  entry8b.o ABSOLUTE
    ../clib/microlib/init/entry.s            0x00000000   Number         0  entry5.o ABSOLUTE
    ../clib/microlib/init/entry.s            0x00000000   Number         0  entry9a.o ABSOLUTE
    ../clib/microlib/init/entry.s            0x00000000   Number         0  entry.o ABSOLUTE
    ../clib/microlib/init/entry.s            0x00000000   Number         0  entry11b.o ABSOLUTE
    ../clib/microlib/longlong.c              0x00000000   Number         0  llshl.o ABSOLUTE
    ../clib/microlib/longlong.c              0x00000000   Number         0  llushr.o ABSOLUTE
    ../clib/microlib/longlong.c              0x00000000   Number         0  llsshr.o ABSOLUTE
    ../clib/microlib/string/memcpy.c         0x00000000   Number         0  memcpyb.o ABSOLUTE
    ../clib/microlib/string/memcpy.c         0x00000000   Number         0  memcpya.o ABSOLUTE
    ../clib/microlib/stubs.s                 0x00000000   Number         0  useno.o ABSOLUTE
    ../clib/microlib/stubs.s                 0x00000000   Number         0  iusefp.o ABSOLUTE
    ../fplib/microlib/fpadd.c                0x00000000   Number         0  dadd.o ABSOLUTE
    ../fplib/microlib/fpadd.c                0x00000000   Number         0  fadd.o ABSOLUTE
    ../fplib/microlib/fpdiv.c                0x00000000   Number         0  ddiv.o ABSOLUTE
    ../fplib/microlib/fpdiv.c                0x00000000   Number         0  fdiv.o ABSOLUTE
    ../fplib/microlib/fpepilogue.c           0x00000000   Number         0  depilogue.o ABSOLUTE
    ../fplib/microlib/fpepilogue.c           0x00000000   Number         0  fepilogue.o ABSOLUTE
    ../fplib/microlib/fpfix.c                0x00000000   Number         0  dfixi.o ABSOLUTE
    ../fplib/microlib/fpfix.c                0x00000000   Number         0  ffixui.o ABSOLUTE
    ../fplib/microlib/fpfix.c                0x00000000   Number         0  ffixi.o ABSOLUTE
    ../fplib/microlib/fpflt.c                0x00000000   Number         0  dflti.o ABSOLUTE
    ../fplib/microlib/fpflt.c                0x00000000   Number         0  dfltui.o ABSOLUTE
    ../fplib/microlib/fpflt.c                0x00000000   Number         0  ffltui.o ABSOLUTE
    ../fplib/microlib/fpflt.c                0x00000000   Number         0  fflti.o ABSOLUTE
    ../fplib/microlib/fpmul.c                0x00000000   Number         0  fmul.o ABSOLUTE
    ../fplib/microlib/fpmul.c                0x00000000   Number         0  dmul.o ABSOLUTE
    ../fplib/microlib/fpscalb.c              0x00000000   Number         0  dscalb.o ABSOLUTE
    ../mathlib/cos.c                         0x00000000   Number         0  cos.o ABSOLUTE
    ../mathlib/cos.c                         0x00000000   Number         0  cos_x.o ABSOLUTE
    ../mathlib/cos_i.c                       0x00000000   Number         0  cos_i.o ABSOLUTE
    ../mathlib/dunder.c                      0x00000000   Number         0  dunder.o ABSOLUTE
    ../mathlib/fpclassify.c                  0x00000000   Number         0  fpclassify.o ABSOLUTE
    ../mathlib/poly.c                        0x00000000   Number         0  poly.o ABSOLUTE
    ../mathlib/rred.c                        0x00000000   Number         0  rred.o ABSOLUTE
    ../mathlib/sin.c                         0x00000000   Number         0  sin.o ABSOLUTE
    ../mathlib/sin.c                         0x00000000   Number         0  sin_x.o ABSOLUTE
    ../mathlib/sin_i.c                       0x00000000   Number         0  sin_i_x.o ABSOLUTE
    ../mathlib/sin_i.c                       0x00000000   Number         0  sin_i.o ABSOLUTE
    C:\Keil_v5\ARM\PACK\Keil\STM32F1xx_DFP\2.1.0\Device\StdPeriph_Driver\src\misc.c 0x00000000   Number         0  misc.o ABSOLUTE
    C:\Keil_v5\ARM\PACK\Keil\STM32F1xx_DFP\2.1.0\Device\StdPeriph_Driver\src\stm32f10x_can.c 0x00000000   Number         0  stm32f10x_can.o ABSOLUTE
    C:\Keil_v5\ARM\PACK\Keil\STM32F1xx_DFP\2.1.0\Device\StdPeriph_Driver\src\stm32f10x_dma.c 0x00000000   Number         0  stm32f10x_dma.o ABSOLUTE
    C:\Keil_v5\ARM\PACK\Keil\STM32F1xx_DFP\2.1.0\Device\StdPeriph_Driver\src\stm32f10x_gpio.c 0x00000000   Number         0  stm32f10x_gpio.o ABSOLUTE
    C:\Keil_v5\ARM\PACK\Keil\STM32F1xx_DFP\2.1.0\Device\StdPeriph_Driver\src\stm32f10x_rcc.c 0x00000000   Number         0  stm32f10x_rcc.o ABSOLUTE
    C:\Keil_v5\ARM\PACK\Keil\STM32F1xx_DFP\2.1.0\Device\StdPeriph_Driver\src\stm32f10x_tim.c 0x00000000   Number         0  stm32f10x_tim.o ABSOLUTE
    C:\Keil_v5\ARM\PACK\Keil\STM32F1xx_DFP\2.1.0\Device\StdPeriph_Driver\src\stm32f10x_usart.c 0x00000000   Number         0  stm32f10x_usart.o ABSOLUTE
    C:\\Keil_v5\\ARM\\PACK\\Keil\\STM32F1xx_DFP\\2.1.0\\Device\\StdPeriph_Driver\\src\\misc.c 0x00000000   Number         0  misc.o ABSOLUTE
    C:\\Keil_v5\\ARM\\PACK\\Keil\\STM32F1xx_DFP\\2.1.0\\Device\\StdPeriph_Driver\\src\\stm32f10x_can.c 0x00000000   Number         0  stm32f10x_can.o ABSOLUTE
    C:\\Keil_v5\\ARM\\PACK\\Keil\\STM32F1xx_DFP\\2.1.0\\Device\\StdPeriph_Driver\\src\\stm32f10x_dma.c 0x00000000   Number         0  stm32f10x_dma.o ABSOLUTE
    C:\\Keil_v5\\ARM\\PACK\\Keil\\STM32F1xx_DFP\\2.1.0\\Device\\StdPeriph_Driver\\src\\stm32f10x_gpio.c 0x00000000   Number         0  stm32f10x_gpio.o ABSOLUTE
    C:\\Keil_v5\\ARM\\PACK\\Keil\\STM32F1xx_DFP\\2.1.0\\Device\\StdPeriph_Driver\\src\\stm32f10x_rcc.c 0x00000000   Number         0  stm32f10x_rcc.o ABSOLUTE
    C:\\Keil_v5\\ARM\\PACK\\Keil\\STM32F1xx_DFP\\2.1.0\\Device\\StdPeriph_Driver\\src\\stm32f10x_tim.c 0x00000000   Number         0  stm32f10x_tim.o ABSOLUTE
    C:\\Keil_v5\\ARM\\PACK\\Keil\\STM32F1xx_DFP\\2.1.0\\Device\\StdPeriph_Driver\\src\\stm32f10x_usart.c 0x00000000   Number         0  stm32f10x_usart.o ABSOLUTE
    RTE\Device\STM32F103RC\startup_stm32f10x_hd.s 0x00000000   Number         0  startup_stm32f10x_hd.o ABSOLUTE
    RTE\Device\STM32F103RC\system_stm32f10x.c 0x00000000   Number         0  system_stm32f10x.o ABSOLUTE
    RTE\\Device\\STM32F103RC\\system_stm32f10x.c 0x00000000   Number         0  system_stm32f10x.o ABSOLUTE
    System\NVIC.c                            0x00000000   Number         0  nvic.o ABSOLUTE
    System\\NVIC.c                           0x00000000   Number         0  nvic.o ABSOLUTE
    System\\delay.c                          0x00000000   Number         0  delay.o ABSOLUTE
    System\\sys.c                            0x00000000   Number         0  sys.o ABSOLUTE
    System\\usart.c                          0x00000000   Number         0  usart.o ABSOLUTE
    System\delay.c                           0x00000000   Number         0  delay.o ABSOLUTE
    System\sys.c                             0x00000000   Number         0  sys.o ABSOLUTE
    System\usart.c                           0x00000000   Number         0  usart.o ABSOLUTE
    WorkArea\CAN.c                           0x00000000   Number         0  can.o ABSOLUTE
    WorkArea\\CAN.c                          0x00000000   Number         0  can.o ABSOLUTE
    WorkArea\\control.c                      0x00000000   Number         0  control.o ABSOLUTE
    WorkArea\\encoder.c                      0x00000000   Number         0  encoder.o ABSOLUTE
    WorkArea\\main.c                         0x00000000   Number         0  main.o ABSOLUTE
    WorkArea\\motor.c                        0x00000000   Number         0  motor.o ABSOLUTE
    WorkArea\\oled.c                         0x00000000   Number         0  oled.o ABSOLUTE
    WorkArea\\remote.c                       0x00000000   Number         0  remote.o ABSOLUTE
    WorkArea\\show.c                         0x00000000   Number         0  show.o ABSOLUTE
    WorkArea\\timer.c                        0x00000000   Number         0  timer.o ABSOLUTE
    WorkArea\control.c                       0x00000000   Number         0  control.o ABSOLUTE
    WorkArea\encoder.c                       0x00000000   Number         0  encoder.o ABSOLUTE
    WorkArea\main.c                          0x00000000   Number         0  main.o ABSOLUTE
    WorkArea\motor.c                         0x00000000   Number         0  motor.o ABSOLUTE
    WorkArea\oled.c                          0x00000000   Number         0  oled.o ABSOLUTE
    WorkArea\remote.c                        0x00000000   Number         0  remote.o ABSOLUTE
    WorkArea\show.c                          0x00000000   Number         0  show.o ABSOLUTE
    WorkArea\timer.c                         0x00000000   Number         0  timer.o ABSOLUTE
    cfcmple.s                                0x00000000   Number         0  cfcmple.o ABSOLUTE
    dc.s                                     0x00000000   Number         0  dc.o ABSOLUTE
    handlers.s                               0x00000000   Number         0  handlers.o ABSOLUTE
    init.s                                   0x00000000   Number         0  init.o ABSOLUTE
    RESET                                    0x08000000   Section      304  startup_stm32f10x_hd.o(RESET)
    .ARM.Collect$$$$00000000                 0x08000130   Section        0  entry.o(.ARM.Collect$$$$00000000)
    .ARM.Collect$$$$00000001                 0x08000130   Section        4  entry2.o(.ARM.Collect$$$$00000001)
    .ARM.Collect$$$$00000004                 0x08000134   Section        4  entry5.o(.ARM.Collect$$$$00000004)
    .ARM.Collect$$$$00000008                 0x08000138   Section        0  entry7b.o(.ARM.Collect$$$$00000008)
    .ARM.Collect$$$$0000000A                 0x08000138   Section        0  entry8b.o(.ARM.Collect$$$$0000000A)
    .ARM.Collect$$$$0000000B                 0x08000138   Section        8  entry9a.o(.ARM.Collect$$$$0000000B)
    .ARM.Collect$$$$0000000D                 0x08000140   Section        0  entry10a.o(.ARM.Collect$$$$0000000D)
    .ARM.Collect$$$$0000000F                 0x08000140   Section        0  entry11a.o(.ARM.Collect$$$$0000000F)
    .ARM.Collect$$$$00002712                 0x08000140   Section        4  entry2.o(.ARM.Collect$$$$00002712)
    __lit__00000000                          0x08000140   Data           4  entry2.o(.ARM.Collect$$$$00002712)
    .text                                    0x08000144   Section       36  startup_stm32f10x_hd.o(.text)
    .text                                    0x08000168   Section        0  memcpya.o(.text)
    .text                                    0x0800018c   Section        0  fadd.o(.text)
    .text                                    0x0800023c   Section        0  fmul.o(.text)
    .text                                    0x080002a0   Section        0  dadd.o(.text)
    .text                                    0x080003ee   Section        0  dmul.o(.text)
    .text                                    0x080004d2   Section        0  fflti.o(.text)
    .text                                    0x080004e4   Section        0  dflti.o(.text)
    .text                                    0x08000506   Section        0  ffixi.o(.text)
    .text                                    0x08000538   Section        0  dfixi.o(.text)
    .text                                    0x08000576   Section        0  llshl.o(.text)
    .text                                    0x08000594   Section        0  llushr.o(.text)
    .text                                    0x080005b4   Section        0  llsshr.o(.text)
    .text                                    0x080005d8   Section        0  fepilogue.o(.text)
    .text                                    0x080005d8   Section        0  iusefp.o(.text)
    .text                                    0x08000646   Section        0  depilogue.o(.text)
    .text                                    0x08000700   Section       36  init.o(.text)
    .text                                    0x08000724   Section        0  ddiv.o(.text)
    .text                                    0x08000802   Section        0  dscalb.o(.text)
    .text                                    0x08000830   Section        0  dfltui.o(.text)
    i.CAN1_Configuration                     0x0800084c   Section        0  can.o(i.CAN1_Configuration)
    i.CAN_ClearITPendingBit                  0x0800093c   Section        0  stm32f10x_can.o(i.CAN_ClearITPendingBit)
    i.CAN_DeInit                             0x080009e4   Section        0  stm32f10x_can.o(i.CAN_DeInit)
    i.CAN_FilterInit                         0x08000a1c   Section        0  stm32f10x_can.o(i.CAN_FilterInit)
    i.CAN_GetITStatus                        0x08000b24   Section        0  stm32f10x_can.o(i.CAN_GetITStatus)
    i.CAN_ITConfig                           0x08000c44   Section        0  stm32f10x_can.o(i.CAN_ITConfig)
    i.CAN_Init                               0x08000c56   Section        0  stm32f10x_can.o(i.CAN_Init)
    i.CAN_Receive                            0x08000d6a   Section        0  stm32f10x_can.o(i.CAN_Receive)
    i.Chassis_Algorithm_Model                0x08000e5c   Section        0  control.o(i.Chassis_Algorithm_Model)
    i.CheckITStatus                          0x08000f70   Section        0  stm32f10x_can.o(i.CheckITStatus)
    CheckITStatus                            0x08000f71   Thumb Code    18  stm32f10x_can.o(i.CheckITStatus)
    i.DMA1_Channel6_IRQHandler               0x08000f84   Section        0  remote.o(i.DMA1_Channel6_IRQHandler)
    i.DMA_ClearFlag                          0x08001080   Section        0  stm32f10x_dma.o(i.DMA_ClearFlag)
    i.DMA_ClearITPendingBit                  0x0800109c   Section        0  stm32f10x_dma.o(i.DMA_ClearITPendingBit)
    i.DMA_Cmd                                0x080010b8   Section        0  stm32f10x_dma.o(i.DMA_Cmd)
    i.DMA_DeInit                             0x080010d0   Section        0  stm32f10x_dma.o(i.DMA_DeInit)
    i.DMA_GetITStatus                        0x0800121c   Section        0  stm32f10x_dma.o(i.DMA_GetITStatus)
    i.DMA_ITConfig                           0x08001248   Section        0  stm32f10x_dma.o(i.DMA_ITConfig)
    i.DMA_Init                               0x0800125a   Section        0  stm32f10x_dma.o(i.DMA_Init)
    i.Encoder_Init_TIM3                      0x08001298   Section        0  encoder.o(i.Encoder_Init_TIM3)
    i.Encoder_Init_TIM4                      0x0800132c   Section        0  encoder.o(i.Encoder_Init_TIM4)
    i.Encoder_Init_TIM5                      0x080013c0   Section        0  encoder.o(i.Encoder_Init_TIM5)
    i.GPIO_Init                              0x08001454   Section        0  stm32f10x_gpio.o(i.GPIO_Init)
    i.GPIO_PinRemapConfig                    0x0800156c   Section        0  stm32f10x_gpio.o(i.GPIO_PinRemapConfig)
    i.GPIO_ResetBits                         0x080015fc   Section        0  stm32f10x_gpio.o(i.GPIO_ResetBits)
    i.GPIO_SetBits                           0x08001600   Section        0  stm32f10x_gpio.o(i.GPIO_SetBits)
    i.Incremental_PI_A                       0x08001604   Section        0  control.o(i.Incremental_PI_A)
    i.Incremental_PI_B                       0x08001688   Section        0  control.o(i.Incremental_PI_B)
    i.Incremental_PI_C                       0x0800170c   Section        0  control.o(i.Incremental_PI_C)
    i.MYRCC_DeInit                           0x08001790   Section        0  sys.o(i.MYRCC_DeInit)
    i.MY_NVIC_Init                           0x080017f8   Section        0  sys.o(i.MY_NVIC_Init)
    i.MY_NVIC_PriorityGroupConfig            0x08001870   Section        0  sys.o(i.MY_NVIC_PriorityGroupConfig)
    i.MY_NVIC_SetVectorTable                 0x08001898   Section        0  sys.o(i.MY_NVIC_SetVectorTable)
    i.MiniBalance_Motor_Init                 0x080018ac   Section        0  motor.o(i.MiniBalance_Motor_Init)
    i.MiniBalance_PWM_Init                   0x08001904   Section        0  motor.o(i.MiniBalance_PWM_Init)
    i.NVIC_Configuration                     0x08001a68   Section        0  nvic.o(i.NVIC_Configuration)
    i.NVIC_Init                              0x08001ae8   Section        0  misc.o(i.NVIC_Init)
    i.NVIC_PriorityGroupConfig               0x08001b58   Section        0  misc.o(i.NVIC_PriorityGroupConfig)
    i.OLED_Clear                             0x08001b6c   Section        0  oled.o(i.OLED_Clear)
    i.OLED_DrawPoint                         0x08001b9c   Section        0  oled.o(i.OLED_DrawPoint)
    i.OLED_Init                              0x08001c04   Section        0  oled.o(i.OLED_Init)
    i.OLED_Refresh_Gram                      0x08001d48   Section        0  oled.o(i.OLED_Refresh_Gram)
    i.OLED_ShowChar                          0x08001d94   Section        0  oled.o(i.OLED_ShowChar)
    i.OLED_ShowString                        0x08001e3c   Section        0  oled.o(i.OLED_ShowString)
    i.OLED_WR_Byte                           0x08001e80   Section        0  oled.o(i.OLED_WR_Byte)
    i.RCC_AHBPeriphClockCmd                  0x08001eec   Section        0  stm32f10x_rcc.o(i.RCC_AHBPeriphClockCmd)
    i.RCC_APB1PeriphClockCmd                 0x08001f0c   Section        0  stm32f10x_rcc.o(i.RCC_APB1PeriphClockCmd)
    i.RCC_APB1PeriphResetCmd                 0x08001f2c   Section        0  stm32f10x_rcc.o(i.RCC_APB1PeriphResetCmd)
    i.RCC_APB2PeriphClockCmd                 0x08001f4c   Section        0  stm32f10x_rcc.o(i.RCC_APB2PeriphClockCmd)
    i.RCC_APB2PeriphResetCmd                 0x08001f6c   Section        0  stm32f10x_rcc.o(i.RCC_APB2PeriphResetCmd)
    i.RCC_GetClocksFreq                      0x08001f8c   Section        0  stm32f10x_rcc.o(i.RCC_GetClocksFreq)
    i.RC_Init                                0x08002060   Section        0  remote.o(i.RC_Init)
    i.Read_Encoder                           0x0800214c   Section        0  encoder.o(i.Read_Encoder)
    i.SetSysClock                            0x080021b0   Section        0  system_stm32f10x.o(i.SetSysClock)
    SetSysClock                              0x080021b1   Thumb Code     8  system_stm32f10x.o(i.SetSysClock)
    i.SetSysClockTo72                        0x080021b8   Section        0  system_stm32f10x.o(i.SetSysClockTo72)
    SetSysClockTo72                          0x080021b9   Thumb Code   214  system_stm32f10x.o(i.SetSysClockTo72)
    i.Set_Pwm_A                              0x08002298   Section        0  control.o(i.Set_Pwm_A)
    i.Set_Pwm_B                              0x080022d8   Section        0  control.o(i.Set_Pwm_B)
    i.Set_Pwm_C                              0x08002318   Section        0  control.o(i.Set_Pwm_C)
    i.Stm32_Clock_Init                       0x08002358   Section        0  sys.o(i.Stm32_Clock_Init)
    i.SystemInit                             0x080023e8   Section        0  system_stm32f10x.o(i.SystemInit)
    i.TIM2_IRQHandler                        0x08002448   Section        0  control.o(i.TIM2_IRQHandler)
    i.TIM7_Configuration                     0x08002500   Section        0  remote.o(i.TIM7_Configuration)
    i.TIM7_IRQHandler                        0x08002550   Section        0  remote.o(i.TIM7_IRQHandler)
    i.TIM_ClearITPendingBit                  0x0800268c   Section        0  stm32f10x_tim.o(i.TIM_ClearITPendingBit)
    i.TIM_Cmd                                0x08002692   Section        0  stm32f10x_tim.o(i.TIM_Cmd)
    i.TIM_ITConfig                           0x080026aa   Section        0  stm32f10x_tim.o(i.TIM_ITConfig)
    i.TIM_TimeBaseInit                       0x080026bc   Section        0  stm32f10x_tim.o(i.TIM_TimeBaseInit)
    i.TIM_UpdateRequestConfig                0x08002760   Section        0  stm32f10x_tim.o(i.TIM_UpdateRequestConfig)
    i.Timer2_Init                            0x08002778   Section        0  timer.o(i.Timer2_Init)
    i.USART_Cmd                              0x080027c0   Section        0  stm32f10x_usart.o(i.USART_Cmd)
    i.USART_DMACmd                           0x080027d8   Section        0  stm32f10x_usart.o(i.USART_DMACmd)
    i.USART_DeInit                           0x080027ec   Section        0  stm32f10x_usart.o(i.USART_DeInit)
    i.USART_ITConfig                         0x08002888   Section        0  stm32f10x_usart.o(i.USART_ITConfig)
    i.USART_Init                             0x080028d4   Section        0  stm32f10x_usart.o(i.USART_Init)
    i.USB_HP_CAN1_TX_IRQHandler              0x080029ac   Section        0  can.o(i.USB_HP_CAN1_TX_IRQHandler)
    i.USB_LP_CAN1_RX0_IRQHandler             0x080029d0   Section        0  can.o(i.USB_LP_CAN1_RX0_IRQHandler)
    i.Xianfu_Pwm_A                           0x08002a34   Section        0  control.o(i.Xianfu_Pwm_A)
    i.Xianfu_Pwm_B                           0x08002a5c   Section        0  control.o(i.Xianfu_Pwm_B)
    i.Xianfu_Pwm_C                           0x08002a84   Section        0  control.o(i.Xianfu_Pwm_C)
    i.__ARM_fpclassify                       0x08002aac   Section        0  fpclassify.o(i.__ARM_fpclassify)
    i.__ieee754_rem_pio2                     0x08002ad4   Section        0  rred.o(i.__ieee754_rem_pio2)
    i.__kernel_cos                           0x08002e5c   Section        0  cos_i.o(i.__kernel_cos)
    i.__kernel_poly                          0x08002f58   Section        0  poly.o(i.__kernel_poly)
    i.__kernel_sin                           0x08003004   Section        0  sin_i.o(i.__kernel_sin)
    i.__mathlib_dbl_infnan                   0x080030f0   Section        0  dunder.o(i.__mathlib_dbl_infnan)
    i.__mathlib_dbl_invalid                  0x080030f6   Section        0  dunder.o(i.__mathlib_dbl_invalid)
    i.__mathlib_dbl_underflow                0x08003104   Section        0  dunder.o(i.__mathlib_dbl_underflow)
    i.__scatterload_copy                     0x08003114   Section       14  handlers.o(i.__scatterload_copy)
    i.__scatterload_null                     0x08003122   Section        2  handlers.o(i.__scatterload_null)
    i.__scatterload_zeroinit                 0x08003124   Section       14  handlers.o(i.__scatterload_zeroinit)
    i.__set_errno                            0x08003134   Section        0  errno.o(i.__set_errno)
    i.cos                                    0x08003140   Section        0  cos.o(i.cos)
    i.delay_init                             0x080031dc   Section        0  delay.o(i.delay_init)
    i.delay_ms                               0x0800321c   Section        0  delay.o(i.delay_ms)
    i.main                                   0x08003258   Section        0  main.o(i.main)
    i.myabs                                  0x080032ac   Section        0  control.o(i.myabs)
    i.oled_show                              0x080032bc   Section        0  show.o(i.oled_show)
    i.sin                                    0x08003300   Section        0  sin.o(i.sin)
    .constdata                               0x080033a0   Section     2660  oled.o(.constdata)
    .constdata                               0x08003e08   Section       48  cos_i.o(.constdata)
    C                                        0x08003e08   Data          48  cos_i.o(.constdata)
    .constdata                               0x08003e38   Section      200  rred.o(.constdata)
    pio2s                                    0x08003e38   Data          48  rred.o(.constdata)
    twooverpi                                0x08003e68   Data         152  rred.o(.constdata)
    .constdata                               0x08003f00   Section       40  sin_i.o(.constdata)
    S                                        0x08003f00   Data          40  sin_i.o(.constdata)
    .data                                    0x20000000   Section       28  main.o(.data)
    .data                                    0x2000001c   Section        5  can.o(.data)
    .data                                    0x20000024   Section       96  control.o(.data)
    Bias                                     0x20000060   Data           4  control.o(.data)
    Pwm                                      0x20000064   Data           4  control.o(.data)
    Last_bias                                0x20000068   Data           4  control.o(.data)
    Bias                                     0x2000006c   Data           4  control.o(.data)
    Pwm                                      0x20000070   Data           4  control.o(.data)
    Last_bias                                0x20000074   Data           4  control.o(.data)
    Bias                                     0x20000078   Data           4  control.o(.data)
    Pwm                                      0x2000007c   Data           4  control.o(.data)
    Last_bias                                0x20000080   Data           4  control.o(.data)
    .data                                    0x20000084   Section        4  delay.o(.data)
    fac_us                                   0x20000084   Data           1  delay.o(.data)
    fac_ms                                   0x20000086   Data           2  delay.o(.data)
    .data                                    0x20000088   Section       20  stm32f10x_rcc.o(.data)
    APBAHBPrescTable                         0x20000088   Data          16  stm32f10x_rcc.o(.data)
    ADCPrescTable                            0x20000098   Data           4  stm32f10x_rcc.o(.data)
    .data                                    0x2000009c   Section        4  errno.o(.data)
    _errno                                   0x2000009c   Data           4  errno.o(.data)
    .bss                                     0x200000a0   Section      176  control.o(.bss)
    RC_Ctl                                   0x200000a0   Data          20  control.o(.bss)
    .bss                                     0x20000150   Section     1044  oled.o(.bss)
    RC_Ctl                                   0x20000150   Data          20  oled.o(.bss)
    .bss                                     0x20000564   Section       66  remote.o(.bss)
    RC_Ctl                                   0x20000564   Data          20  remote.o(.bss)
    STACK                                    0x200005a8   Section     1024  startup_stm32f10x_hd.o(STACK)

    Global Symbols

    Symbol Name                              Value     Ov Type        Size  Object(Section)

    BuildAttributes$$THM_ISAv4$P$D$K$B$S$PE$A:L22UL41UL21$X:L11$S22US41US21$IEEE1$IW$USESV6$~STKCKD$USESV7$~SHL$OTIME$ROPI$IEEEX$EBA8$MICROLIB$REQ8$PRES8$EABIv2 0x00000000   Number         0  anon$$obj.o ABSOLUTE
    __ARM_use_no_argv                        0x00000000   Number         0  main.o ABSOLUTE
    __use_no_errno                           0x00000000   Number         0  useno.o ABSOLUTE
    __use_no_exception_handling              0x00000000   Number         0  useno.o ABSOLUTE
    __use_no_fp                              0x00000000   Number         0  useno.o ABSOLUTE
    __use_no_heap                            0x00000000   Number         0  useno.o ABSOLUTE
    __use_no_heap_region                     0x00000000   Number         0  useno.o ABSOLUTE
    __use_no_semihosting                     0x00000000   Number         0  useno.o ABSOLUTE
    __use_no_semihosting_swi                 0x00000000   Number         0  useno.o ABSOLUTE
    __use_no_signal_handling                 0x00000000   Number         0  useno.o ABSOLUTE
    __cpp_initialize__aeabi_                  - Undefined Weak Reference
    __cxa_finalize                            - Undefined Weak Reference
    __decompress                              - Undefined Weak Reference
    _clock_init                               - Undefined Weak Reference
    _microlib_exit                            - Undefined Weak Reference
    __Vectors_Size                           0x00000130   Number         0  startup_stm32f10x_hd.o ABSOLUTE
    __Vectors                                0x08000000   Data           4  startup_stm32f10x_hd.o(RESET)
    __Vectors_End                            0x08000130   Data           0  startup_stm32f10x_hd.o(RESET)
    __main                                   0x08000131   Thumb Code     0  entry.o(.ARM.Collect$$$$00000000)
    _main_stk                                0x08000131   Thumb Code     0  entry2.o(.ARM.Collect$$$$00000001)
    _main_scatterload                        0x08000135   Thumb Code     0  entry5.o(.ARM.Collect$$$$00000004)
    __main_after_scatterload                 0x08000139   Thumb Code     0  entry5.o(.ARM.Collect$$$$00000004)
    _main_clock                              0x08000139   Thumb Code     0  entry7b.o(.ARM.Collect$$$$00000008)
    _main_cpp_init                           0x08000139   Thumb Code     0  entry8b.o(.ARM.Collect$$$$0000000A)
    _main_init                               0x08000139   Thumb Code     0  entry9a.o(.ARM.Collect$$$$0000000B)
    __rt_final_cpp                           0x08000141   Thumb Code     0  entry10a.o(.ARM.Collect$$$$0000000D)
    __rt_final_exit                          0x08000141   Thumb Code     0  entry11a.o(.ARM.Collect$$$$0000000F)
    Reset_Handler                            0x08000145   Thumb Code     8  startup_stm32f10x_hd.o(.text)
    NMI_Handler                              0x0800014d   Thumb Code     2  startup_stm32f10x_hd.o(.text)
    HardFault_Handler                        0x0800014f   Thumb Code     2  startup_stm32f10x_hd.o(.text)
    MemManage_Handler                        0x08000151   Thumb Code     2  startup_stm32f10x_hd.o(.text)
    BusFault_Handler                         0x08000153   Thumb Code     2  startup_stm32f10x_hd.o(.text)
    UsageFault_Handler                       0x08000155   Thumb Code     2  startup_stm32f10x_hd.o(.text)
    SVC_Handler                              0x08000157   Thumb Code     2  startup_stm32f10x_hd.o(.text)
    DebugMon_Handler                         0x08000159   Thumb Code     2  startup_stm32f10x_hd.o(.text)
    PendSV_Handler                           0x0800015b   Thumb Code     2  startup_stm32f10x_hd.o(.text)
    SysTick_Handler                          0x0800015d   Thumb Code     2  startup_stm32f10x_hd.o(.text)
    ADC1_2_IRQHandler                        0x0800015f   Thumb Code     0  startup_stm32f10x_hd.o(.text)
    ADC3_IRQHandler                          0x0800015f   Thumb Code     0  startup_stm32f10x_hd.o(.text)
    CAN1_RX1_IRQHandler                      0x0800015f   Thumb Code     0  startup_stm32f10x_hd.o(.text)
    CAN1_SCE_IRQHandler                      0x0800015f   Thumb Code     0  startup_stm32f10x_hd.o(.text)
    DMA1_Channel1_IRQHandler                 0x0800015f   Thumb Code     0  startup_stm32f10x_hd.o(.text)
    DMA1_Channel2_IRQHandler                 0x0800015f   Thumb Code     0  startup_stm32f10x_hd.o(.text)
    DMA1_Channel3_IRQHandler                 0x0800015f   Thumb Code     0  startup_stm32f10x_hd.o(.text)
    DMA1_Channel4_IRQHandler                 0x0800015f   Thumb Code     0  startup_stm32f10x_hd.o(.text)
    DMA1_Channel5_IRQHandler                 0x0800015f   Thumb Code     0  startup_stm32f10x_hd.o(.text)
    DMA1_Channel7_IRQHandler                 0x0800015f   Thumb Code     0  startup_stm32f10x_hd.o(.text)
    DMA2_Channel1_IRQHandler                 0x0800015f   Thumb Code     0  startup_stm32f10x_hd.o(.text)
    DMA2_Channel2_IRQHandler                 0x0800015f   Thumb Code     0  startup_stm32f10x_hd.o(.text)
    DMA2_Channel3_IRQHandler                 0x0800015f   Thumb Code     0  startup_stm32f10x_hd.o(.text)
    DMA2_Channel4_5_IRQHandler               0x0800015f   Thumb Code     0  startup_stm32f10x_hd.o(.text)
    EXTI0_IRQHandler                         0x0800015f   Thumb Code     0  startup_stm32f10x_hd.o(.text)
    EXTI15_10_IRQHandler                     0x0800015f   Thumb Code     0  startup_stm32f10x_hd.o(.text)
    EXTI1_IRQHandler                         0x0800015f   Thumb Code     0  startup_stm32f10x_hd.o(.text)
    EXTI2_IRQHandler                         0x0800015f   Thumb Code     0  startup_stm32f10x_hd.o(.text)
    EXTI3_IRQHandler                         0x0800015f   Thumb Code     0  startup_stm32f10x_hd.o(.text)
    EXTI4_IRQHandler                         0x0800015f   Thumb Code     0  startup_stm32f10x_hd.o(.text)
    EXTI9_5_IRQHandler                       0x0800015f   Thumb Code     0  startup_stm32f10x_hd.o(.text)
    FLASH_IRQHandler                         0x0800015f   Thumb Code     0  startup_stm32f10x_hd.o(.text)
    FSMC_IRQHandler                          0x0800015f   Thumb Code     0  startup_stm32f10x_hd.o(.text)
    I2C1_ER_IRQHandler                       0x0800015f   Thumb Code     0  startup_stm32f10x_hd.o(.text)
    I2C1_EV_IRQHandler                       0x0800015f   Thumb Code     0  startup_stm32f10x_hd.o(.text)
    I2C2_ER_IRQHandler                       0x0800015f   Thumb Code     0  startup_stm32f10x_hd.o(.text)
    I2C2_EV_IRQHandler                       0x0800015f   Thumb Code     0  startup_stm32f10x_hd.o(.text)
    PVD_IRQHandler                           0x0800015f   Thumb Code     0  startup_stm32f10x_hd.o(.text)
    RCC_IRQHandler                           0x0800015f   Thumb Code     0  startup_stm32f10x_hd.o(.text)
    RTCAlarm_IRQHandler                      0x0800015f   Thumb Code     0  startup_stm32f10x_hd.o(.text)
    RTC_IRQHandler                           0x0800015f   Thumb Code     0  startup_stm32f10x_hd.o(.text)
    SDIO_IRQHandler                          0x0800015f   Thumb Code     0  startup_stm32f10x_hd.o(.text)
    SPI1_IRQHandler                          0x0800015f   Thumb Code     0  startup_stm32f10x_hd.o(.text)
    SPI2_IRQHandler                          0x0800015f   Thumb Code     0  startup_stm32f10x_hd.o(.text)
    SPI3_IRQHandler                          0x0800015f   Thumb Code     0  startup_stm32f10x_hd.o(.text)
    TAMPER_IRQHandler                        0x0800015f   Thumb Code     0  startup_stm32f10x_hd.o(.text)
    TIM1_BRK_IRQHandler                      0x0800015f   Thumb Code     0  startup_stm32f10x_hd.o(.text)
    TIM1_CC_IRQHandler                       0x0800015f   Thumb Code     0  startup_stm32f10x_hd.o(.text)
    TIM1_TRG_COM_IRQHandler                  0x0800015f   Thumb Code     0  startup_stm32f10x_hd.o(.text)
    TIM1_UP_IRQHandler                       0x0800015f   Thumb Code     0  startup_stm32f10x_hd.o(.text)
    TIM3_IRQHandler                          0x0800015f   Thumb Code     0  startup_stm32f10x_hd.o(.text)
    TIM4_IRQHandler                          0x0800015f   Thumb Code     0  startup_stm32f10x_hd.o(.text)
    TIM5_IRQHandler                          0x0800015f   Thumb Code     0  startup_stm32f10x_hd.o(.text)
    TIM6_IRQHandler                          0x0800015f   Thumb Code     0  startup_stm32f10x_hd.o(.text)
    TIM8_BRK_IRQHandler                      0x0800015f   Thumb Code     0  startup_stm32f10x_hd.o(.text)
    TIM8_CC_IRQHandler                       0x0800015f   Thumb Code     0  startup_stm32f10x_hd.o(.text)
    TIM8_TRG_COM_IRQHandler                  0x0800015f   Thumb Code     0  startup_stm32f10x_hd.o(.text)
    TIM8_UP_IRQHandler                       0x0800015f   Thumb Code     0  startup_stm32f10x_hd.o(.text)
    UART4_IRQHandler                         0x0800015f   Thumb Code     0  startup_stm32f10x_hd.o(.text)
    UART5_IRQHandler                         0x0800015f   Thumb Code     0  startup_stm32f10x_hd.o(.text)
    USART1_IRQHandler                        0x0800015f   Thumb Code     0  startup_stm32f10x_hd.o(.text)
    USART2_IRQHandler                        0x0800015f   Thumb Code     0  startup_stm32f10x_hd.o(.text)
    USART3_IRQHandler                        0x0800015f   Thumb Code     0  startup_stm32f10x_hd.o(.text)
    USBWakeUp_IRQHandler                     0x0800015f   Thumb Code     0  startup_stm32f10x_hd.o(.text)
    WWDG_IRQHandler                          0x0800015f   Thumb Code     0  startup_stm32f10x_hd.o(.text)
    __aeabi_memcpy                           0x08000169   Thumb Code    36  memcpya.o(.text)
    __aeabi_memcpy4                          0x08000169   Thumb Code     0  memcpya.o(.text)
    __aeabi_memcpy8                          0x08000169   Thumb Code     0  memcpya.o(.text)
    __aeabi_fadd                             0x0800018d   Thumb Code   164  fadd.o(.text)
    __aeabi_fsub                             0x08000231   Thumb Code     6  fadd.o(.text)
    __aeabi_frsub                            0x08000237   Thumb Code     6  fadd.o(.text)
    __aeabi_fmul                             0x0800023d   Thumb Code   100  fmul.o(.text)
    __aeabi_dadd                             0x080002a1   Thumb Code   322  dadd.o(.text)
    __aeabi_dsub                             0x080003e3   Thumb Code     6  dadd.o(.text)
    __aeabi_drsub                            0x080003e9   Thumb Code     6  dadd.o(.text)
    __aeabi_dmul                             0x080003ef   Thumb Code   228  dmul.o(.text)
    __aeabi_i2f                              0x080004d3   Thumb Code    18  fflti.o(.text)
    __aeabi_i2d                              0x080004e5   Thumb Code    34  dflti.o(.text)
    __aeabi_f2iz                             0x08000507   Thumb Code    50  ffixi.o(.text)
    __aeabi_d2iz                             0x08000539   Thumb Code    62  dfixi.o(.text)
    __aeabi_llsl                             0x08000577   Thumb Code    30  llshl.o(.text)
    _ll_shift_l                              0x08000577   Thumb Code     0  llshl.o(.text)
    __aeabi_llsr                             0x08000595   Thumb Code    32  llushr.o(.text)
    _ll_ushift_r                             0x08000595   Thumb Code     0  llushr.o(.text)
    __aeabi_lasr                             0x080005b5   Thumb Code    36  llsshr.o(.text)
    _ll_sshift_r                             0x080005b5   Thumb Code     0  llsshr.o(.text)
    __I$use$fp                               0x080005d9   Thumb Code     0  iusefp.o(.text)
    _float_round                             0x080005d9   Thumb Code    18  fepilogue.o(.text)
    _float_epilogue                          0x080005eb   Thumb Code    92  fepilogue.o(.text)
    _double_round                            0x08000647   Thumb Code    30  depilogue.o(.text)
    _double_epilogue                         0x08000665   Thumb Code   156  depilogue.o(.text)
    __scatterload                            0x08000701   Thumb Code    28  init.o(.text)
    __scatterload_rt2                        0x08000701   Thumb Code     0  init.o(.text)
    __aeabi_ddiv                             0x08000725   Thumb Code   222  ddiv.o(.text)
    __ARM_scalbn                             0x08000803   Thumb Code    46  dscalb.o(.text)
    scalbn                                   0x08000803   Thumb Code     0  dscalb.o(.text)
    __aeabi_ui2d                             0x08000831   Thumb Code    26  dfltui.o(.text)
    CAN1_Configuration                       0x0800084d   Thumb Code   230  can.o(i.CAN1_Configuration)
    CAN_ClearITPendingBit                    0x0800093d   Thumb Code   162  stm32f10x_can.o(i.CAN_ClearITPendingBit)
    CAN_DeInit                               0x080009e5   Thumb Code    50  stm32f10x_can.o(i.CAN_DeInit)
    CAN_FilterInit                           0x08000a1d   Thumb Code   258  stm32f10x_can.o(i.CAN_FilterInit)
    CAN_GetITStatus                          0x08000b25   Thumb Code   284  stm32f10x_can.o(i.CAN_GetITStatus)
    CAN_ITConfig                             0x08000c45   Thumb Code    18  stm32f10x_can.o(i.CAN_ITConfig)
    CAN_Init                                 0x08000c57   Thumb Code   276  stm32f10x_can.o(i.CAN_Init)
    CAN_Receive                              0x08000d6b   Thumb Code   240  stm32f10x_can.o(i.CAN_Receive)
    Chassis_Algorithm_Model                  0x08000e5d   Thumb Code   262  control.o(i.Chassis_Algorithm_Model)
    DMA1_Channel6_IRQHandler                 0x08000f85   Thumb Code   240  remote.o(i.DMA1_Channel6_IRQHandler)
    DMA_ClearFlag                            0x08001081   Thumb Code    18  stm32f10x_dma.o(i.DMA_ClearFlag)
    DMA_ClearITPendingBit                    0x0800109d   Thumb Code    18  stm32f10x_dma.o(i.DMA_ClearITPendingBit)
    DMA_Cmd                                  0x080010b9   Thumb Code    24  stm32f10x_dma.o(i.DMA_Cmd)
    DMA_DeInit                               0x080010d1   Thumb Code   324  stm32f10x_dma.o(i.DMA_DeInit)
    DMA_GetITStatus                          0x0800121d   Thumb Code    36  stm32f10x_dma.o(i.DMA_GetITStatus)
    DMA_ITConfig                             0x08001249   Thumb Code    18  stm32f10x_dma.o(i.DMA_ITConfig)
    DMA_Init                                 0x0800125b   Thumb Code    60  stm32f10x_dma.o(i.DMA_Init)
    Encoder_Init_TIM3                        0x08001299   Thumb Code   136  encoder.o(i.Encoder_Init_TIM3)
    Encoder_Init_TIM4                        0x0800132d   Thumb Code   136  encoder.o(i.Encoder_Init_TIM4)
    Encoder_Init_TIM5                        0x080013c1   Thumb Code   136  encoder.o(i.Encoder_Init_TIM5)
    GPIO_Init                                0x08001455   Thumb Code   278  stm32f10x_gpio.o(i.GPIO_Init)
    GPIO_PinRemapConfig                      0x0800156d   Thumb Code   138  stm32f10x_gpio.o(i.GPIO_PinRemapConfig)
    GPIO_ResetBits                           0x080015fd   Thumb Code     4  stm32f10x_gpio.o(i.GPIO_ResetBits)
    GPIO_SetBits                             0x08001601   Thumb Code     4  stm32f10x_gpio.o(i.GPIO_SetBits)
    Incremental_PI_A                         0x08001605   Thumb Code   110  control.o(i.Incremental_PI_A)
    Incremental_PI_B                         0x08001689   Thumb Code   110  control.o(i.Incremental_PI_B)
    Incremental_PI_C                         0x0800170d   Thumb Code   110  control.o(i.Incremental_PI_C)
    MYRCC_DeInit                             0x08001791   Thumb Code    90  sys.o(i.MYRCC_DeInit)
    MY_NVIC_Init                             0x080017f9   Thumb Code   116  sys.o(i.MY_NVIC_Init)
    MY_NVIC_PriorityGroupConfig              0x08001871   Thumb Code    32  sys.o(i.MY_NVIC_PriorityGroupConfig)
    MY_NVIC_SetVectorTable                   0x08001899   Thumb Code    12  sys.o(i.MY_NVIC_SetVectorTable)
    MiniBalance_Motor_Init                   0x080018ad   Thumb Code    70  motor.o(i.MiniBalance_Motor_Init)
    MiniBalance_PWM_Init                     0x08001905   Thumb Code   334  motor.o(i.MiniBalance_PWM_Init)
    NVIC_Configuration                       0x08001a69   Thumb Code   126  nvic.o(i.NVIC_Configuration)
    NVIC_Init                                0x08001ae9   Thumb Code   100  misc.o(i.NVIC_Init)
    NVIC_PriorityGroupConfig                 0x08001b59   Thumb Code    10  misc.o(i.NVIC_PriorityGroupConfig)
    OLED_Clear                               0x08001b6d   Thumb Code    42  oled.o(i.OLED_Clear)
    OLED_DrawPoint                           0x08001b9d   Thumb Code   100  oled.o(i.OLED_DrawPoint)
    OLED_Init                                0x08001c05   Thumb Code   298  oled.o(i.OLED_Init)
    OLED_Refresh_Gram                        0x08001d49   Thumb Code    70  oled.o(i.OLED_Refresh_Gram)
    OLED_ShowChar                            0x08001d95   Thumb Code   158  oled.o(i.OLED_ShowChar)
    OLED_ShowString                          0x08001e3d   Thumb Code    68  oled.o(i.OLED_ShowString)
    OLED_WR_Byte                             0x08001e81   Thumb Code    96  oled.o(i.OLED_WR_Byte)
    RCC_AHBPeriphClockCmd                    0x08001eed   Thumb Code    26  stm32f10x_rcc.o(i.RCC_AHBPeriphClockCmd)
    RCC_APB1PeriphClockCmd                   0x08001f0d   Thumb Code    26  stm32f10x_rcc.o(i.RCC_APB1PeriphClockCmd)
    RCC_APB1PeriphResetCmd                   0x08001f2d   Thumb Code    26  stm32f10x_rcc.o(i.RCC_APB1PeriphResetCmd)
    RCC_APB2PeriphClockCmd                   0x08001f4d   Thumb Code    26  stm32f10x_rcc.o(i.RCC_APB2PeriphClockCmd)
    RCC_APB2PeriphResetCmd                   0x08001f6d   Thumb Code    26  stm32f10x_rcc.o(i.RCC_APB2PeriphResetCmd)
    RCC_GetClocksFreq                        0x08001f8d   Thumb Code   192  stm32f10x_rcc.o(i.RCC_GetClocksFreq)
    RC_Init                                  0x08002061   Thumb Code   214  remote.o(i.RC_Init)
    Read_Encoder                             0x0800214d   Thumb Code    88  encoder.o(i.Read_Encoder)
    Set_Pwm_A                                0x08002299   Thumb Code    50  control.o(i.Set_Pwm_A)
    Set_Pwm_B                                0x080022d9   Thumb Code    50  control.o(i.Set_Pwm_B)
    Set_Pwm_C                                0x08002319   Thumb Code    50  control.o(i.Set_Pwm_C)
    Stm32_Clock_Init                         0x08002359   Thumb Code   134  sys.o(i.Stm32_Clock_Init)
    SystemInit                               0x080023e9   Thumb Code    78  system_stm32f10x.o(i.SystemInit)
    TIM2_IRQHandler                          0x08002449   Thumb Code   156  control.o(i.TIM2_IRQHandler)
    TIM7_Configuration                       0x08002501   Thumb Code    74  remote.o(i.TIM7_Configuration)
    TIM7_IRQHandler                          0x08002551   Thumb Code   302  remote.o(i.TIM7_IRQHandler)
    TIM_ClearITPendingBit                    0x0800268d   Thumb Code     6  stm32f10x_tim.o(i.TIM_ClearITPendingBit)
    TIM_Cmd                                  0x08002693   Thumb Code    24  stm32f10x_tim.o(i.TIM_Cmd)
    TIM_ITConfig                             0x080026ab   Thumb Code    18  stm32f10x_tim.o(i.TIM_ITConfig)
    TIM_TimeBaseInit                         0x080026bd   Thumb Code   122  stm32f10x_tim.o(i.TIM_TimeBaseInit)
    TIM_UpdateRequestConfig                  0x08002761   Thumb Code    24  stm32f10x_tim.o(i.TIM_UpdateRequestConfig)
    Timer2_Init                              0x08002779   Thumb Code    68  timer.o(i.Timer2_Init)
    USART_Cmd                                0x080027c1   Thumb Code    24  stm32f10x_usart.o(i.USART_Cmd)
    USART_DMACmd                             0x080027d9   Thumb Code    18  stm32f10x_usart.o(i.USART_DMACmd)
    USART_DeInit                             0x080027ed   Thumb Code   134  stm32f10x_usart.o(i.USART_DeInit)
    USART_ITConfig                           0x08002889   Thumb Code    74  stm32f10x_usart.o(i.USART_ITConfig)
    USART_Init                               0x080028d5   Thumb Code   210  stm32f10x_usart.o(i.USART_Init)
    USB_HP_CAN1_TX_IRQHandler                0x080029ad   Thumb Code    28  can.o(i.USB_HP_CAN1_TX_IRQHandler)
    USB_LP_CAN1_RX0_IRQHandler               0x080029d1   Thumb Code    90  can.o(i.USB_LP_CAN1_RX0_IRQHandler)
    Xianfu_Pwm_A                             0x08002a35   Thumb Code    34  control.o(i.Xianfu_Pwm_A)
    Xianfu_Pwm_B                             0x08002a5d   Thumb Code    34  control.o(i.Xianfu_Pwm_B)
    Xianfu_Pwm_C                             0x08002a85   Thumb Code    34  control.o(i.Xianfu_Pwm_C)
    __ARM_fpclassify                         0x08002aad   Thumb Code    40  fpclassify.o(i.__ARM_fpclassify)
    __ieee754_rem_pio2                       0x08002ad5   Thumb Code   828  rred.o(i.__ieee754_rem_pio2)
    __kernel_cos                             0x08002e5d   Thumb Code   230  cos_i.o(i.__kernel_cos)
    __kernel_poly                            0x08002f59   Thumb Code   170  poly.o(i.__kernel_poly)
    __kernel_sin                             0x08003005   Thumb Code   224  sin_i.o(i.__kernel_sin)
    __mathlib_dbl_infnan                     0x080030f1   Thumb Code     6  dunder.o(i.__mathlib_dbl_infnan)
    __mathlib_dbl_invalid                    0x080030f7   Thumb Code    12  dunder.o(i.__mathlib_dbl_invalid)
    __mathlib_dbl_underflow                  0x08003105   Thumb Code    10  dunder.o(i.__mathlib_dbl_underflow)
    __scatterload_copy                       0x08003115   Thumb Code    14  handlers.o(i.__scatterload_copy)
    __scatterload_null                       0x08003123   Thumb Code     2  handlers.o(i.__scatterload_null)
    __scatterload_zeroinit                   0x08003125   Thumb Code    14  handlers.o(i.__scatterload_zeroinit)
    __set_errno                              0x08003135   Thumb Code     6  errno.o(i.__set_errno)
    cos                                      0x08003141   Thumb Code   148  cos.o(i.cos)
    delay_init                               0x080031dd   Thumb Code    56  delay.o(i.delay_init)
    delay_ms                                 0x0800321d   Thumb Code    56  delay.o(i.delay_ms)
    main                                     0x08003259   Thumb Code    84  main.o(i.main)
    myabs                                    0x080032ad   Thumb Code    14  control.o(i.myabs)
    oled_show                                0x080032bd   Thumb Code    34  show.o(i.oled_show)
    sin                                      0x08003301   Thumb Code   150  sin.o(i.sin)
    oled_asc2_1206                           0x080033a0   Data        1140  oled.o(.constdata)
    oled_asc2_1608                           0x08003814   Data        1520  oled.o(.constdata)
    Region$$Table$$Base                      0x08003f28   Number         0  anon$$obj.o(Region$$Table)
    Region$$Table$$Limit                     0x08003f48   Number         0  anon$$obj.o(Region$$Table)
    Flag_Stop                                0x20000000   Data           1  main.o(.data)
    Encoder_A                                0x20000004   Data           4  main.o(.data)
    Encoder_B                                0x20000008   Data           4  main.o(.data)
    Encoder_C                                0x2000000c   Data           4  main.o(.data)
    Motor_A                                  0x20000010   Data           4  main.o(.data)
    Motor_B                                  0x20000014   Data           4  main.o(.data)
    Motor_C                                  0x20000018   Data           4  main.o(.data)
    PS_DEF                                   0x2000001c   Data           4  can.o(.data)
    can_tx_success_flag                      0x20000020   Data           1  can.o(.data)
    PS_CV                                    0x20000024   Data          60  control.o(.data)
    MotorControlDEF                          0x200000b4   Data          12  control.o(.bss)
    PS_CHECK_DEF                             0x200000c0   Data         120  control.o(.bss)
    PS_C_DEF                                 0x20000138   Data          24  control.o(.bss)
    OLED_GRAM                                0x20000164   Data        1024  oled.o(.bss)
    sbus_rx_buffer                           0x20000578   Data          25  remote.o(.bss)
    test                                     0x20000592   Data          20  remote.o(.bss)
    __initial_sp                             0x200009a8   Data           0  startup_stm32f10x_hd.o(STACK)



==============================================================================

Memory Map of the image

  Image Entry point : 0x08000131

  Load Region LR_IROM1 (Base: 0x08000000, Size: 0x00003fe8, Max: 0x00040000, ABSOLUTE)

    Execution Region ER_IROM1 (Base: 0x08000000, Size: 0x00003f48, Max: 0x00040000, ABSOLUTE)

    Base Addr    Size         Type   Attr      Idx    E Section Name        Object

    0x08000000   0x00000130   Data   RO         2178    RESET               startup_stm32f10x_hd.o
    0x08000130   0x00000000   Code   RO         2245  * .ARM.Collect$$$$00000000  mc_w.l(entry.o)
    0x08000130   0x00000004   Code   RO         2304    .ARM.Collect$$$$00000001  mc_w.l(entry2.o)
    0x08000134   0x00000004   Code   RO         2307    .ARM.Collect$$$$00000004  mc_w.l(entry5.o)
    0x08000138   0x00000000   Code   RO         2309    .ARM.Collect$$$$00000008  mc_w.l(entry7b.o)
    0x08000138   0x00000000   Code   RO         2311    .ARM.Collect$$$$0000000A  mc_w.l(entry8b.o)
    0x08000138   0x00000008   Code   RO         2312    .ARM.Collect$$$$0000000B  mc_w.l(entry9a.o)
    0x08000140   0x00000000   Code   RO         2314    .ARM.Collect$$$$0000000D  mc_w.l(entry10a.o)
    0x08000140   0x00000000   Code   RO         2316    .ARM.Collect$$$$0000000F  mc_w.l(entry11a.o)
    0x08000140   0x00000004   Code   RO         2305    .ARM.Collect$$$$00002712  mc_w.l(entry2.o)
    0x08000144   0x00000024   Code   RO         2179    .text               startup_stm32f10x_hd.o
    0x08000168   0x00000024   Code   RO         2248    .text               mc_w.l(memcpya.o)
    0x0800018c   0x000000b0   Code   RO         2252    .text               mf_w.l(fadd.o)
    0x0800023c   0x00000064   Code   RO         2254    .text               mf_w.l(fmul.o)
    0x080002a0   0x0000014e   Code   RO         2258    .text               mf_w.l(dadd.o)
    0x080003ee   0x000000e4   Code   RO         2260    .text               mf_w.l(dmul.o)
    0x080004d2   0x00000012   Code   RO         2262    .text               mf_w.l(fflti.o)
    0x080004e4   0x00000022   Code   RO         2266    .text               mf_w.l(dflti.o)
    0x08000506   0x00000032   Code   RO         2268    .text               mf_w.l(ffixi.o)
    0x08000538   0x0000003e   Code   RO         2272    .text               mf_w.l(dfixi.o)
    0x08000576   0x0000001e   Code   RO         2318    .text               mc_w.l(llshl.o)
    0x08000594   0x00000020   Code   RO         2320    .text               mc_w.l(llushr.o)
    0x080005b4   0x00000024   Code   RO         2322    .text               mc_w.l(llsshr.o)
    0x080005d8   0x00000000   Code   RO         2331    .text               mc_w.l(iusefp.o)
    0x080005d8   0x0000006e   Code   RO         2332    .text               mf_w.l(fepilogue.o)
    0x08000646   0x000000ba   Code   RO         2334    .text               mf_w.l(depilogue.o)
    0x08000700   0x00000024   Code   RO         2340    .text               mc_w.l(init.o)
    0x08000724   0x000000de   Code   RO         2342    .text               mf_w.l(ddiv.o)
    0x08000802   0x0000002e   Code   RO         2344    .text               mf_w.l(dscalb.o)
    0x08000830   0x0000001a   Code   RO         2346    .text               mf_w.l(dfltui.o)
    0x0800084a   0x00000002   PAD
    0x0800084c   0x000000f0   Code   RO          132    i.CAN1_Configuration  can.o
    0x0800093c   0x000000a8   Code   RO          840    i.CAN_ClearITPendingBit  stm32f10x_can.o
    0x080009e4   0x00000038   Code   RO          842    i.CAN_DeInit        stm32f10x_can.o
    0x08000a1c   0x00000108   Code   RO          844    i.CAN_FilterInit    stm32f10x_can.o
    0x08000b24   0x00000120   Code   RO          846    i.CAN_GetITStatus   stm32f10x_can.o
    0x08000c44   0x00000012   Code   RO          850    i.CAN_ITConfig      stm32f10x_can.o
    0x08000c56   0x00000114   Code   RO          851    i.CAN_Init          stm32f10x_can.o
    0x08000d6a   0x000000f0   Code   RO          854    i.CAN_Receive       stm32f10x_can.o
    0x08000e5a   0x00000002   PAD
    0x08000e5c   0x00000114   Code   RO          290    i.Chassis_Algorithm_Model  control.o
    0x08000f70   0x00000012   Code   RO          862    i.CheckITStatus     stm32f10x_can.o
    0x08000f82   0x00000002   PAD
    0x08000f84   0x000000fc   Code   RO          536    i.DMA1_Channel6_IRQHandler  remote.o
    0x08001080   0x0000001c   Code   RO         1005    i.DMA_ClearFlag     stm32f10x_dma.o
    0x0800109c   0x0000001c   Code   RO         1006    i.DMA_ClearITPendingBit  stm32f10x_dma.o
    0x080010b8   0x00000018   Code   RO         1007    i.DMA_Cmd           stm32f10x_dma.o
    0x080010d0   0x0000014c   Code   RO         1008    i.DMA_DeInit        stm32f10x_dma.o
    0x0800121c   0x0000002c   Code   RO         1011    i.DMA_GetITStatus   stm32f10x_dma.o
    0x08001248   0x00000012   Code   RO         1012    i.DMA_ITConfig      stm32f10x_dma.o
    0x0800125a   0x0000003c   Code   RO         1013    i.DMA_Init          stm32f10x_dma.o
    0x08001296   0x00000002   PAD
    0x08001298   0x00000094   Code   RO          243    i.Encoder_Init_TIM3  encoder.o
    0x0800132c   0x00000094   Code   RO          244    i.Encoder_Init_TIM4  encoder.o
    0x080013c0   0x00000094   Code   RO          245    i.Encoder_Init_TIM5  encoder.o
    0x08001454   0x00000116   Code   RO         1095    i.GPIO_Init         stm32f10x_gpio.o
    0x0800156a   0x00000002   PAD
    0x0800156c   0x00000090   Code   RO         1097    i.GPIO_PinRemapConfig  stm32f10x_gpio.o
    0x080015fc   0x00000004   Code   RO         1102    i.GPIO_ResetBits    stm32f10x_gpio.o
    0x08001600   0x00000004   Code   RO         1103    i.GPIO_SetBits      stm32f10x_gpio.o
    0x08001604   0x00000084   Code   RO          291    i.Incremental_PI_A  control.o
    0x08001688   0x00000084   Code   RO          292    i.Incremental_PI_B  control.o
    0x0800170c   0x00000084   Code   RO          293    i.Incremental_PI_C  control.o
    0x08001790   0x00000068   Code   RO          665    i.MYRCC_DeInit      sys.o
    0x080017f8   0x00000078   Code   RO          666    i.MY_NVIC_Init      sys.o
    0x08001870   0x00000028   Code   RO          667    i.MY_NVIC_PriorityGroupConfig  sys.o
    0x08001898   0x00000014   Code   RO          668    i.MY_NVIC_SetVectorTable  sys.o
    0x080018ac   0x00000058   Code   RO          208    i.MiniBalance_Motor_Init  motor.o
    0x08001904   0x00000164   Code   RO          209    i.MiniBalance_PWM_Init  motor.o
    0x08001a68   0x0000007e   Code   RO          638    i.NVIC_Configuration  nvic.o
    0x08001ae6   0x00000002   PAD
    0x08001ae8   0x00000070   Code   RO          790    i.NVIC_Init         misc.o
    0x08001b58   0x00000014   Code   RO          791    i.NVIC_PriorityGroupConfig  misc.o
    0x08001b6c   0x00000030   Code   RO          406    i.OLED_Clear        oled.o
    0x08001b9c   0x00000068   Code   RO          409    i.OLED_DrawPoint    oled.o
    0x08001c04   0x00000144   Code   RO          411    i.OLED_Init         oled.o
    0x08001d48   0x0000004c   Code   RO          412    i.OLED_Refresh_Gram  oled.o
    0x08001d94   0x000000a8   Code   RO          413    i.OLED_ShowChar     oled.o
    0x08001e3c   0x00000044   Code   RO          415    i.OLED_ShowString   oled.o
    0x08001e80   0x0000006c   Code   RO          416    i.OLED_WR_Byte      oled.o
    0x08001eec   0x00000020   Code   RO         1216    i.RCC_AHBPeriphClockCmd  stm32f10x_rcc.o
    0x08001f0c   0x00000020   Code   RO         1217    i.RCC_APB1PeriphClockCmd  stm32f10x_rcc.o
    0x08001f2c   0x00000020   Code   RO         1218    i.RCC_APB1PeriphResetCmd  stm32f10x_rcc.o
    0x08001f4c   0x00000020   Code   RO         1219    i.RCC_APB2PeriphClockCmd  stm32f10x_rcc.o
    0x08001f6c   0x00000020   Code   RO         1220    i.RCC_APB2PeriphResetCmd  stm32f10x_rcc.o
    0x08001f8c   0x000000d4   Code   RO         1227    i.RCC_GetClocksFreq  stm32f10x_rcc.o
    0x08002060   0x000000ec   Code   RO          537    i.RC_Init           remote.o
    0x0800214c   0x00000064   Code   RO          246    i.Read_Encoder      encoder.o
    0x080021b0   0x00000008   Code   RO         2186    i.SetSysClock       system_stm32f10x.o
    0x080021b8   0x000000e0   Code   RO         2187    i.SetSysClockTo72   system_stm32f10x.o
    0x08002298   0x00000040   Code   RO          297    i.Set_Pwm_A         control.o
    0x080022d8   0x00000040   Code   RO          298    i.Set_Pwm_B         control.o
    0x08002318   0x00000040   Code   RO          299    i.Set_Pwm_C         control.o
    0x08002358   0x00000090   Code   RO          669    i.Stm32_Clock_Init  sys.o
    0x080023e8   0x00000060   Code   RO         2189    i.SystemInit        system_stm32f10x.o
    0x08002448   0x000000b8   Code   RO          300    i.TIM2_IRQHandler   control.o
    0x08002500   0x00000050   Code   RO          538    i.TIM7_Configuration  remote.o
    0x08002550   0x0000013c   Code   RO          539    i.TIM7_IRQHandler   remote.o
    0x0800268c   0x00000006   Code   RO         1438    i.TIM_ClearITPendingBit  stm32f10x_tim.o
    0x08002692   0x00000018   Code   RO         1443    i.TIM_Cmd           stm32f10x_tim.o
    0x080026aa   0x00000012   Code   RO         1468    i.TIM_ITConfig      stm32f10x_tim.o
    0x080026bc   0x000000a4   Code   RO         1514    i.TIM_TimeBaseInit  stm32f10x_tim.o
    0x08002760   0x00000018   Code   RO         1517    i.TIM_UpdateRequestConfig  stm32f10x_tim.o
    0x08002778   0x00000048   Code   RO          179    i.Timer2_Init       timer.o
    0x080027c0   0x00000018   Code   RO         1991    i.USART_Cmd         stm32f10x_usart.o
    0x080027d8   0x00000012   Code   RO         1992    i.USART_DMACmd      stm32f10x_usart.o
    0x080027ea   0x00000002   PAD
    0x080027ec   0x0000009c   Code   RO         1993    i.USART_DeInit      stm32f10x_usart.o
    0x08002888   0x0000004a   Code   RO         1997    i.USART_ITConfig    stm32f10x_usart.o
    0x080028d2   0x00000002   PAD
    0x080028d4   0x000000d8   Code   RO         1998    i.USART_Init        stm32f10x_usart.o
    0x080029ac   0x00000024   Code   RO          133    i.USB_HP_CAN1_TX_IRQHandler  can.o
    0x080029d0   0x00000064   Code   RO          134    i.USB_LP_CAN1_RX0_IRQHandler  can.o
    0x08002a34   0x00000028   Code   RO          301    i.Xianfu_Pwm_A      control.o
    0x08002a5c   0x00000028   Code   RO          302    i.Xianfu_Pwm_B      control.o
    0x08002a84   0x00000028   Code   RO          303    i.Xianfu_Pwm_C      control.o
    0x08002aac   0x00000028   Code   RO         2336    i.__ARM_fpclassify  m_ws.l(fpclassify.o)
    0x08002ad4   0x00000388   Code   RO         2293    i.__ieee754_rem_pio2  m_ws.l(rred.o)
    0x08002e5c   0x000000fc   Code   RO         2276    i.__kernel_cos      m_ws.l(cos_i.o)
    0x08002f58   0x000000aa   Code   RO         2338    i.__kernel_poly     m_ws.l(poly.o)
    0x08003002   0x00000002   PAD
    0x08003004   0x000000ec   Code   RO         2298    i.__kernel_sin      m_ws.l(sin_i.o)
    0x080030f0   0x00000006   Code   RO         2280    i.__mathlib_dbl_infnan  m_ws.l(dunder.o)
    0x080030f6   0x0000000c   Code   RO         2282    i.__mathlib_dbl_invalid  m_ws.l(dunder.o)
    0x08003102   0x00000002   PAD
    0x08003104   0x00000010   Code   RO         2285    i.__mathlib_dbl_underflow  m_ws.l(dunder.o)
    0x08003114   0x0000000e   Code   RO         2350    i.__scatterload_copy  mc_w.l(handlers.o)
    0x08003122   0x00000002   Code   RO         2351    i.__scatterload_null  mc_w.l(handlers.o)
    0x08003124   0x0000000e   Code   RO         2352    i.__scatterload_zeroinit  mc_w.l(handlers.o)
    0x08003132   0x00000002   PAD
    0x08003134   0x0000000c   Code   RO         2326    i.__set_errno       mc_w.l(errno.o)
    0x08003140   0x0000009c   Code   RO         2230    i.cos               m_ws.l(cos.o)
    0x080031dc   0x00000040   Code   RO          586    i.delay_init        delay.o
    0x0800321c   0x0000003c   Code   RO          587    i.delay_ms          delay.o
    0x08003258   0x00000054   Code   RO            4    i.main              main.o
    0x080032ac   0x0000000e   Code   RO          304    i.myabs             control.o
    0x080032ba   0x00000002   PAD
    0x080032bc   0x00000044   Code   RO          506    i.oled_show         show.o
    0x08003300   0x000000a0   Code   RO         2238    i.sin               m_ws.l(sin.o)
    0x080033a0   0x00000a64   Data   RO          419    .constdata          oled.o
    0x08003e04   0x00000004   PAD
    0x08003e08   0x00000030   Data   RO         2277    .constdata          m_ws.l(cos_i.o)
    0x08003e38   0x000000c8   Data   RO         2295    .constdata          m_ws.l(rred.o)
    0x08003f00   0x00000028   Data   RO         2299    .constdata          m_ws.l(sin_i.o)
    0x08003f28   0x00000020   Data   RO         2348    Region$$Table       anon$$obj.o


    Execution Region RW_IRAM1 (Base: 0x20000000, Size: 0x000009a8, Max: 0x0000c000, ABSOLUTE)

    Base Addr    Size         Type   Attr      Idx    E Section Name        Object

    0x20000000   0x0000001c   Data   RW            6    .data               main.o
    0x2000001c   0x00000005   Data   RW          136    .data               can.o
    0x20000021   0x00000003   PAD
    0x20000024   0x00000060   Data   RW          306    .data               control.o
    0x20000084   0x00000004   Data   RW          590    .data               delay.o
    0x20000088   0x00000014   Data   RW         1247    .data               stm32f10x_rcc.o
    0x2000009c   0x00000004   Data   RW         2327    .data               mc_w.l(errno.o)
    0x200000a0   0x000000b0   Zero   RW          305    .bss                control.o
    0x20000150   0x00000414   Zero   RW          418    .bss                oled.o
    0x20000564   0x00000042   Zero   RW          540    .bss                remote.o
    0x200005a6   0x00000002   PAD
    0x200005a8   0x00000400   Zero   RW         2176    STACK               startup_stm32f10x_hd.o


==============================================================================

Image component sizes


      Code (inc. data)   RO Data    RW Data    ZI Data      Debug   Object Name

       376         28          0          5          0       2375   can.o
      1182        168          0         96        176       7965   control.o
       124         12          0          4          0       1140   delay.o
       544         48          0          0          0       2011   encoder.o
        84          0          0         28          0     274049   main.o
       132         22          0          0          0       1691   misc.o
       444         40          0          0          0       1088   motor.o
       126          0          0          0          0        545   nvic.o
       896         64       2660          0       1044       5317   oled.o
       884         54          0          0         66       3987   remote.o
        68         34          0          0          0        432   show.o
        36          8        304          0       1024        804   startup_stm32f10x_hd.o
      1328         22          0          0          0       6556   stm32f10x_can.o
       534         36          0          0          0       5971   stm32f10x_dma.o
       430          6          0          0          0       4086   stm32f10x_gpio.o
       372         50          0         20          0       6420   stm32f10x_rcc.o
       236         42          0          0          0       3714   stm32f10x_tim.o
       488         28          0          0          0       5144   stm32f10x_usart.o
       428         44          0          0          0       2752   sys.o
       328         28          0          0          0       1989   system_stm32f10x.o
        72          4          0          0          0        542   timer.o

    ----------------------------------------------------------------------
      9128        738       3000        156       2312     338578   Object Totals
         0          0         32          0          0          0   (incl. Generated)
        16          0          4          3          2          0   (incl. Padding)

    ----------------------------------------------------------------------

      Code (inc. data)   RO Data    RW Data    ZI Data      Debug   Library Member Name

       156          8          0          0          0        104   cos.o
       252         22         48          0          0        124   cos_i.o
        34          6          0          0          0        204   dunder.o
        40          0          0          0          0         68   fpclassify.o
       170          0          0          0          0         96   poly.o
       904         76        200          0          0        140   rred.o
       160         10          0          0          0        108   sin.o
       236         12         40          0          0        128   sin_i.o
         0          0          0          0          0          0   entry.o
         0          0          0          0          0          0   entry10a.o
         0          0          0          0          0          0   entry11a.o
         8          4          0          0          0          0   entry2.o
         4          0          0          0          0          0   entry5.o
         0          0          0          0          0          0   entry7b.o
         0          0          0          0          0          0   entry8b.o
         8          4          0          0          0          0   entry9a.o
        12          6          0          4          0         68   errno.o
        30          0          0          0          0          0   handlers.o
        36          8          0          0          0         68   init.o
         0          0          0          0          0          0   iusefp.o
        30          0          0          0          0         68   llshl.o
        36          0          0          0          0         68   llsshr.o
        32          0          0          0          0         68   llushr.o
        36          0          0          0          0         68   memcpya.o
       334          0          0          0          0        148   dadd.o
       222          0          0          0          0        100   ddiv.o
       186          0          0          0          0        176   depilogue.o
        62          0          0          0          0         80   dfixi.o
        34          0          0          0          0         76   dflti.o
        26          0          0          0          0         76   dfltui.o
       228          0          0          0          0         96   dmul.o
        46          0          0          0          0         80   dscalb.o
       176          0          0          0          0        140   fadd.o
       110          0          0          0          0        168   fepilogue.o
        50          0          0          0          0         68   ffixi.o
        18          0          0          0          0         68   fflti.o
       100          0          0          0          0         76   fmul.o

    ----------------------------------------------------------------------
      3784        156        288          4          0       2732   Library Totals
         8          0          0          0          0          0   (incl. Padding)

    ----------------------------------------------------------------------

      Code (inc. data)   RO Data    RW Data    ZI Data      Debug   Library Name

      1952        134        288          0          0        972   m_ws.l
       232         22          0          4          0        408   mc_w.l
      1592          0          0          0          0       1352   mf_w.l

    ----------------------------------------------------------------------
      3784        156        288          4          0       2732   Library Totals

    ----------------------------------------------------------------------

==============================================================================


      Code (inc. data)   RO Data    RW Data    ZI Data      Debug   

     12912        894       3288        160       2312     335898   Grand Totals
     12912        894       3288        160       2312     335898   ELF Image Totals
     12912        894       3288        160          0          0   ROM Totals

==============================================================================

    Total RO  Size (Code + RO Data)                16200 (  15.82kB)
    Total RW  Size (RW Data + ZI Data)              2472 (   2.41kB)
    Total ROM Size (Code + RO Data + RW Data)      16360 (  15.98kB)

==============================================================================

